 ztribe

 Timestamp is 32ee67ac (Tue Jan 28 14:55:08 1997)

 Preferred load address is 00400000

 Start         Length     Name                   Class
 0001:00000000 0016cc3aH .text                   CODE
 0002:00000000 0000a459H THIS_COD                CODE
 0003:00000000 00008280H .rdata                  DATA
 0003:00008280 000001e8H .rdata$r                DATA
 0003:00008468 00007e18H .xdata$x                DATA
 0003:00010280 00000000H .edata                  DATA
 0004:00000000 00000004H .CRT$XCA                DATA
 0004:00000004 00000004H .CRT$XCC                DATA
 0004:00000008 00000010H .CRT$XCU                DATA
 0004:00000018 00000004H .CRT$XCZ                DATA
 0004:0000001c 00000004H .CRT$XIA                DATA
 0004:00000020 00000008H .CRT$XIC                DATA
 0004:00000028 00000004H .CRT$XIZ                DATA
 0004:0000002c 00000004H .CRT$XPA                DATA
 0004:00000030 00000004H .CRT$XPX                DATA
 0004:00000034 00000004H .CRT$XPZ                DATA
 0004:00000038 00000004H .CRT$XTA                DATA
 0004:0000003c 00000004H .CRT$XTZ                DATA
 0004:00000040 0000ba50H .data                   DATA
 0004:0000ba90 0022587cH .bss                    DATA
 0005:00000000 000000c8H .idata$2                DATA
 0005:000000c8 00000028H .idata$3                DATA
 0005:000000f0 000003ccH .idata$4                DATA
 0005:000004bc 000003ccH .idata$5                DATA
 0005:00000888 00000f88H .idata$6                DATA
 0006:00000000 00000070H THIS_DAT                DATA
 0007:00000000 0000ad90H Inf32Data               DATA
 0008:00000000 00000010H .rsrc$01                DATA
 0008:00000010 00000000H .rsrc$02                DATA

  Address         Publics by Value              Rva+Base   Lib:Object

 0001:00000000       ??0MessageQueueElement@@QAE@PAXW4Type@0@W4Priority@0@@Z 00401000 f mqueue.obj
 0001:00000053       ??0MessageQueueElement@@QAE@XZ 00401053 f mqueue.obj
 0001:000000a7       ??1MessageQueueElement@@UAE@XZ 004010a7 f mqueue.obj
 0001:000000c6       ?data@MessageQueueElement@@QBEPAXXZ 004010c6 f mqueue.obj
 0001:000000e2       ?type@MessageQueueElement@@QBE?AW4Type@1@XZ 004010e2 f mqueue.obj
 0001:000000fe       ?priority@MessageQueueElement@@QBE?AW4Priority@1@XZ 004010fe f mqueue.obj
 0001:0000011a       ??0MessageQueue@@QAE@H@Z   0040111a f mqueue.obj
 0001:000001e7       ??1MessageQueue@@UAE@XZ    004011e7 f mqueue.obj
 0001:000002db       ?messageLimit@MessageQueue@@QBEHXZ 004012db f mqueue.obj
 0001:000002f7       ?numberMessages@MessageQueue@@QBEHXZ 004012f7 f mqueue.obj
 0001:00000313       ?addMessage@MessageQueue@@QAEHPAVMessageQueueElement@@@Z 00401313 f mqueue.obj
 0001:00000451       ?addMessage@MessageQueue@@QAEHPAXW4Type@MessageQueueElement@@W4Priority@3@@Z 00401451 f mqueue.obj
 0001:000004f9       ?waitForMessage@MessageQueue@@QAEPAVMessageQueueElement@@XZ 004014f9 f mqueue.obj
 0001:00000526       ?getMessage@MessageQueue@@IAEPAVMessageQueueElement@@XZ 00401526 f mqueue.obj
 0001:000005c0       ??_EMessageQueueElement@@UAEPAXI@Z 004015c0 f mqueue.obj
 0001:000005c0       ??_GMessageQueueElement@@UAEPAXI@Z 004015c0 f mqueue.obj
 0001:00000600       ??_GMessageQueue@@UAEPAXI@Z 00401600 f mqueue.obj
 0001:00000600       ??_EMessageQueue@@UAEPAXI@Z 00401600 f mqueue.obj
 0001:000006ab       ??0TPanelSystem@@QAE@XZ    004016ab f Panel.obj
 0001:00000756       ??1TPanelSystem@@QAE@XZ    00401756 f Panel.obj
 0001:0000084e       ?currentPanel@TPanelSystem@@QBEPAVTPanel@@XZ 0040184e f Panel.obj
 0001:0000086a       ?previousPanel@TPanelSystem@@QBEPAVTPanel@@XZ 0040186a f Panel.obj
 0001:0000089f       ?mouseOwner@TPanelSystem@@QBEPAVTPanel@@XZ 0040189f f Panel.obj
 0001:000008ba       ?keyboardOwner@TPanelSystem@@QBEPAVTPanel@@XZ 004018ba f Panel.obj
 0001:000008d6       ?modalPanel@TPanelSystem@@QBEPAVTPanel@@XZ 004018d6 f Panel.obj
 0001:000008f2       ?panel@TPanelSystem@@QAEPAVTPanel@@PAD@Z 004018f2 f Panel.obj
 0001:0000092f       ?numberActivePanels@TPanelSystem@@QBEHXZ 0040192f f Panel.obj
 0001:0000094b       ?addPanel@TPanelSystem@@QAEHPAVTPanel@@HH@Z 0040194b f Panel.obj
 0001:00000a0b       ?removePanel@TPanelSystem@@QAEHPAD@Z 00401a0b f Panel.obj
 0001:00000a89       ?setCurrentPanel@TPanelSystem@@QAEHPADH@Z 00401a89 f Panel.obj
 0001:00000ad8       ?restorePreviousPanel@TPanelSystem@@QAEHH@Z 00401ad8 f Panel.obj
 0001:00000bb6       ?setMouseOwner@TPanelSystem@@QAEXPAVTPanel@@@Z 00401bb6 f Panel.obj
 0001:00000bd6       ?setKeyboardOwner@TPanelSystem@@QAEXPAVTPanel@@@Z 00401bd6 f Panel.obj
 0001:00000bf7       ?setModalPanel@TPanelSystem@@QAEXPAVTPanel@@@Z 00401bf7 f Panel.obj
 0001:00000c73       ?setCurrentPanelModal@TPanelSystem@@QAEXXZ 00401c73 f Panel.obj
 0001:00000cc6       ?restorePreviousModalPanel@TPanelSystem@@QAEHXZ 00401cc6 f Panel.obj
 0001:00000d45       ?destroyPanel@TPanelSystem@@QAEHPAD@Z 00401d45 f Panel.obj
 0001:00000e56       ?inSystem@TPanelSystem@@QAEHPAD@Z 00401e56 f Panel.obj
 0001:00000e8e       ?inSystem@TPanelSystem@@QAEHPAVTPanel@@@Z 00401e8e f Panel.obj
 0001:00000ed5       ?setup@TPanelSystem@@IAEHXZ 00401ed5 f Panel.obj
 0001:00000f40       ?findPanelNode@TPanelSystem@@IAEPAUPanelNode@@PAD@Z 00401f40 f Panel.obj
 0001:00000fe9       ?setCurrentPanel@TPanelSystem@@IAEXPAVTPanel@@H@Z 00401fe9 f Panel.obj
 0001:00001060       ?get_palette@TPanelSystem@@QAEPAXPAD@Z 00402060 f Panel.obj
 0001:000011fe       ?release_palette@TPanelSystem@@QAEXPAX@Z 004021fe f Panel.obj
 0001:0000129e       ??0TPanel@@QAE@PAD@Z       0040229e f Panel.obj
 0001:0000154a       ??0TPanel@@QAE@XZ          0040254a f Panel.obj
 0001:000017cc       ??1TPanel@@UAE@XZ          004027cc f Panel.obj
 0001:000018e7       ?setup@TPanel@@UAEJPAVTDrawArea@@PAV1@JJJJE@Z 004028e7 f Panel.obj
 0001:00001a6b       ?add_panel_node@TPanel@@QAEXPAUPanelNode@@0H@Z 00402a6b f Panel.obj
 0001:00001bad       ?remove_panel_node@TPanel@@QAEXPAUPanelNode@@@Z 00402bad f Panel.obj
 0001:00001c6e       ?set_rect@TPanel@@UAEXJJJJ@Z 00402c6e f Panel.obj
 0001:00001f0b       ?set_rect@TPanel@@UAEXUtagRECT@@@Z 00402f0b f Panel.obj
 0001:00001f46       ?set_color@TPanel@@UAEXE@Z 00402f46 f Panel.obj
 0001:00001f81       ?set_active@TPanel@@UAEXH@Z 00402f81 f Panel.obj
 0001:00001ffd       ?set_positioning@TPanel@@UAEXW4PositionMode@1@JJJJJJJJPAV1@111@Z 00402ffd f Panel.obj
 0001:00002105       ?set_fixed_position@TPanel@@UAEXJJJJ@Z 00403105 f Panel.obj
 0001:0000214e       ?set_redraw@TPanel@@UAEXW4RedrawMode@1@@Z 0040314e f Panel.obj
 0001:000021b9       ?set_overlapped_redraw@TPanel@@QAEXPAV1@0W4RedrawMode@1@@Z 004031b9 f Panel.obj
 0001:000023be       ?set_any_overlapping_redraw@TPanel@@QAEXPAV1@W4RedrawMode@1@@Z 004033be f Panel.obj
 0001:0000259d       ?draw@TPanel@@UAEXXZ       0040359d f Panel.obj
 0001:00002661       ?draw_rect@TPanel@@UAEXPAUtagRECT@@@Z 00403661 f Panel.obj
 0001:000026e1       ?draw_setup@TPanel@@UAEXH@Z 004036e1 f Panel.obj
 0001:00002757       ?draw_finish@TPanel@@UAEXXZ 00403757 f Panel.obj
 0001:000027a6       ?paint@TPanel@@UAEXXZ      004037a6 f Panel.obj
 0001:00002813       ?wnd_proc@TPanel@@UAEJPAXIIJ@Z 00403813 f Panel.obj
 0001:00002c44       ?handle_idle@TPanel@@UAEJXZ 00403c44 f Panel.obj
 0001:00002d74       ?handle_size@TPanel@@UAEJJJ@Z 00403d74 f Panel.obj
 0001:0000320a       ?handle_paint@TPanel@@UAEJXZ 0040420a f Panel.obj
 0001:00003323       ?handle_key_down@TPanel@@UAEJJFHHH@Z 00404323 f Panel.obj
 0001:00003430       ?handle_command@TPanel@@UAEJIJ@Z 00404430 f Panel.obj
 0001:0000344a       ?handle_user_command@TPanel@@UAEJIJ@Z 0040444a f Panel.obj
 0001:00003464       ?handle_timer_command@TPanel@@UAEJIJ@Z 00404464 f Panel.obj
 0001:0000347e       ?handle_scroll@TPanel@@UAEJJJ@Z 0040447e f Panel.obj
 0001:00003498       ?handle_mouse_down@TPanel@@UAEJEJJHH@Z 00404498 f Panel.obj
 0001:00003657       ?handle_mouse_move@TPanel@@UAEJJJHH@Z 00404657 f Panel.obj
 0001:000038c2       ?handle_mouse_up@TPanel@@UAEJEJJHH@Z 004048c2 f Panel.obj
 0001:00003a30       ?handle_mouse_dbl_click@TPanel@@UAEJEJJHH@Z 00404a30 f Panel.obj
 0001:00003b88       ?action@TPanel@@UAEJPAV1@JKK@Z 00404b88 f Panel.obj
 0001:00003bd8       ?get_mouse_info@TPanel@@QAEXIJAAUtagPOINT@@AAH1@Z 00404bd8 f Panel.obj
 0001:00003c56       ?get_mouse_pos@TPanel@@QAEXAAUtagPOINT@@@Z 00404c56 f Panel.obj
 0001:00003cd4       ?capture_mouse@TPanel@@QAEHXZ 00404cd4 f Panel.obj
 0001:00003d60       ?release_mouse@TPanel@@QAEXXZ 00404d60 f Panel.obj
 0001:00003db2       ?is_redraw_needed@TPanel@@QAEEXZ 00404db2 f Panel.obj
 0001:00003e01       ?is_inside@TPanel@@QAEHJJ@Z 00404e01 f Panel.obj
 0001:00003e7a       ?is_inside_rect@TPanel@@QAEHJJPAUtagRECT@@@Z 00404e7a f Panel.obj
 0001:00003ede       ?bound_point@TPanel@@QAEHAAJ0@Z 00404ede f Panel.obj
 0001:00003f9e       ?set_curr_child@TPanel@@QAEXPAV1@@Z 00404f9e f Panel.obj
 0001:00004033       ?set_focus@TPanel@@UAEXH@Z 00405033 f Panel.obj
 0001:0000409d       ?get_focus@TPanel@@QAEHXZ  0040509d f Panel.obj
 0001:000040b9       ?set_z_order@TPanel@@QAEXEF@Z 004050b9 f Panel.obj
 0001:0000415b       ?set_child_z_order@TPanel@@QAEXPAV1@EF@Z 0040515b f Panel.obj
 0001:00004421       ?set_tab_order@TPanel@@QAEXPAPAV1@F@Z 00405421 f Panel.obj
 0001:000044c2       ?set_tab_order@TPanel@@QAEXPAV1@0@Z 004054c2 f Panel.obj
 0001:000044ff       ?previousPanel@TPanel@@QBEPAV1@XZ 004054ff f Panel.obj
 0001:0000451b       ?setPreviousPanel@TPanel@@QAEXPAV1@@Z 0040551b f Panel.obj
 0001:0000453c       ?previousModalPanel@TPanel@@QBEPAV1@XZ 0040553c f Panel.obj
 0001:00004558       ?setPreviousModalPanel@TPanel@@QAEXPAV1@@Z 00405558 f Panel.obj
 0001:00004579       ?panelName@TPanel@@QBEPADXZ 00405579 f Panel.obj
 0001:00004595       ?setPanelName@TPanel@@QAEXPAD@Z 00405595 f Panel.obj
 0001:00004673       ?xPosition@TPanel@@QBEJXZ  00405673 f Panel.obj
 0001:0000468f       ?yPosition@TPanel@@QBEJXZ  0040568f f Panel.obj
 0001:000046ab       ?width@TPanel@@QBEJXZ      004056ab f Panel.obj
 0001:000046c7       ?height@TPanel@@QBEJXZ     004056c7 f Panel.obj
 0001:000046e3       ?renderArea@TPanel@@QBEPAVTDrawArea@@XZ 004056e3 f Panel.obj
 0001:000046ff       ?clipRectangle@TPanel@@QBE?AUtagRECT@@XZ 004056ff f Panel.obj
 0001:00004739       ?setClipRectangle@TPanel@@QAEXUtagRECT@@@Z 00405739 f Panel.obj
 0001:00004770       ?delete_panel@TPanel@@QAEXPAPAV1@@Z 00405770 f Panel.obj
 0001:000047d0       ?mouse_move_action@TPanel@@UAEJJJHH@Z 004057d0 f Panel.obj
 0001:000047f0       ?mouse_left_down_action@TPanel@@UAEJJJHH@Z 004057f0 f Panel.obj
 0001:00004810       ?mouse_left_hold_action@TPanel@@UAEJJJHH@Z 00405810 f Panel.obj
 0001:00004830       ?mouse_left_move_action@TPanel@@UAEJJJHH@Z 00405830 f Panel.obj
 0001:00004850       ?mouse_left_up_action@TPanel@@UAEJJJHH@Z 00405850 f Panel.obj
 0001:00004870       ?mouse_left_dbl_click_action@TPanel@@UAEJJJHH@Z 00405870 f Panel.obj
 0001:00004890       ?mouse_right_down_action@TPanel@@UAEJJJHH@Z 00405890 f Panel.obj
 0001:000048b0       ?mouse_right_hold_action@TPanel@@UAEJJJHH@Z 004058b0 f Panel.obj
 0001:000048d0       ?mouse_right_move_action@TPanel@@UAEJJJHH@Z 004058d0 f Panel.obj
 0001:000048f0       ?mouse_right_up_action@TPanel@@UAEJJJHH@Z 004058f0 f Panel.obj
 0001:00004910       ?mouse_right_dbl_click_action@TPanel@@UAEJJJHH@Z 00405910 f Panel.obj
 0001:00004930       ?key_down_action@TPanel@@UAEJJFHHH@Z 00405930 f Panel.obj
 0001:00004950       ?char_action@TPanel@@UAEJJF@Z 00405950 f Panel.obj
 0001:00004970       ??_GTPanel@@UAEPAXI@Z      00405970 f Panel.obj
 0001:00004970       ??_ETPanel@@UAEPAXI@Z      00405970 f Panel.obj
 0001:000049b0       ?get_overlapping_children@TPanel@@QAEHXZ 004059b0 f Panel.obj
 0001:000049d0       ??0ResourceItem@@QAE@XZ    004059d0 f airesitm.obj
 0001:00004a2e       ??0ResourceItem@@QAE@HPAH@Z 00405a2e f airesitm.obj
 0001:00004ad3       ??0ResourceItem@@QAE@ABV0@@Z 00405ad3 f airesitm.obj
 0001:00004b7e       ??0ResourceItem@@QAE@PAV0@@Z 00405b7e f airesitm.obj
 0001:00004c29       ??1ResourceItem@@UAE@XZ    00405c29 f airesitm.obj
 0001:00004cb3       ??YResourceItem@@QAEAAV0@ABV0@@Z 00405cb3 f airesitm.obj
 0001:00004d1b       ??8@YAHABVResourceItem@@0@Z 00405d1b f airesitm.obj
 0001:00004d94       ??9@YAHABVResourceItem@@0@Z 00405d94 f airesitm.obj
 0001:00004e10       ??M@YAHABVResourceItem@@0@Z 00405e10 f airesitm.obj
 0001:00004e22       ??O@YAHABVResourceItem@@0@Z 00405e22 f airesitm.obj
 0001:00004e34       ?value@ResourceItem@@QBEHH@Z 00405e34 f airesitm.obj
 0001:00004e88       ?setValue@ResourceItem@@QAEXHH@Z 00405e88 f airesitm.obj
 0001:00004eda       ?number@ResourceItem@@QBEHXZ 00405eda f airesitm.obj
 0001:00004ef6       ?largestValueIndex@ResourceItem@@QAEHH@Z 00405ef6 f airesitm.obj
 0001:00004f4f       ?sortLarge@ResourceItem@@IAEHXZ 00405f4f f airesitm.obj
 0001:00005100       ??_EResourceItem@@UAEPAXI@Z 00406100 f airesitm.obj
 0001:00005100       ??_GResourceItem@@UAEPAXI@Z 00406100 f airesitm.obj
 0001:00005140       ??0TScrollBarPanel@@QAE@XZ 00406140 f Pnl_scbr.obj
 0001:00005375       ??1TScrollBarPanel@@UAE@XZ 00406375 f Pnl_scbr.obj
 0001:000054fd       ?setup@TScrollBarPanel@@QAEJPAVTDrawArea@@PAVTPanel@@JJJJPAD222JJ1JW4Orientation@1@@Z 004064fd f Pnl_scbr.obj
 0001:00005578       ?set_rect@TScrollBarPanel@@UAEXJJJJ@Z 00406578 f Pnl_scbr.obj
 0001:000058bf       ?calc_item_rects@TScrollBarPanel@@QAEXXZ 004068bf f Pnl_scbr.obj
 0001:000059de       ?set_tab_pos@TScrollBarPanel@@QAEXJ@Z 004069de f Pnl_scbr.obj
 0001:00005b7e       ?set_list_len@TScrollBarPanel@@QAEXJJ@Z 00406b7e f Pnl_scbr.obj
 0001:00005bae       ?handle_idle@TScrollBarPanel@@UAEJXZ 00406bae f Pnl_scbr.obj
 0001:00005e6c       ?mouse_left_down_action@TScrollBarPanel@@UAEJJJHH@Z 00406e6c f Pnl_scbr.obj
 0001:00006126       ?mouse_left_move_action@TScrollBarPanel@@UAEJJJHH@Z 00407126 f Pnl_scbr.obj
 0001:0000693e       ?mouse_left_up_action@TScrollBarPanel@@UAEJJJHH@Z 0040793e f Pnl_scbr.obj
 0001:00006af5       ?draw@TScrollBarPanel@@UAEXXZ 00407af5 f Pnl_scbr.obj
 0001:00006e90       ??_GTScrollBarPanel@@UAEPAXI@Z 00407e90 f Pnl_scbr.obj
 0001:00006e90       ??_ETScrollBarPanel@@UAEPAXI@Z 00407e90 f Pnl_scbr.obj
 0001:00006ed0       ??_GTShape@@QAEPAXI@Z      00407ed0 f Pnl_scbr.obj
 0001:00006f10       _WinMain@16                00407f10 f main.obj
 0001:00007320       ??0RGE_Communications_Speed@@QAE@PAVTCommunications_Handler@@@Z 00408320 f com_spd.obj
 0001:00007598       ??1RGE_Communications_Speed@@QAE@XZ 00408598 f com_spd.obj
 0001:00007604       ?ForceSpeedChange@RGE_Communications_Speed@@QAEXW4COMMSPEEDS@@@Z 00408604 f com_spd.obj
 0001:000076cb       ?ForceGranularityChange@RGE_Communications_Speed@@QAEXW4COMMSPEEDS@@@Z 004086cb f com_spd.obj
 0001:0000779f       ?SetFutureSpeedChange@RGE_Communications_Speed@@QAEXIIK@Z 0040879f f com_spd.obj
 0001:000077f0       ?EnableSpeedControl@RGE_Communications_Speed@@QAEXH@Z 004087f0 f com_spd.obj
 0001:00007814       ?SetLatencySpeedRequest@RGE_Communications_Speed@@QAEXIEI@Z 00408814 f com_spd.obj
 0001:0000782c       ?DetermineLatencySpeedChange@RGE_Communications_Speed@@QAE?AW4COMMSPEEDS@@K@Z 0040882c f com_spd.obj
 0001:00007989       ?GetBufferGranularity@RGE_Communications_Speed@@QAEIXZ 00408989 f com_spd.obj
 0001:000079a8       ?GetBufferGranularityAdjusted@RGE_Communications_Speed@@QAEIXZ 004089a8 f com_spd.obj
 0001:000079c7       ?BufferFramesRemaining@RGE_Communications_Speed@@QAEIXZ 004089c7 f com_spd.obj
 0001:000079e6       ?WaitingOnAcknowledgement@RGE_Communications_Speed@@QAEIXZ 004089e6 f com_spd.obj
 0001:00007a0e       ?SetAllSpeedRequests@RGE_Communications_Speed@@QAEXW4COMMSPEEDS@@@Z 00408a0e f com_spd.obj
 0001:00007a55       ?ResetLatencySpeedRequests@RGE_Communications_Speed@@QAEXXZ 00408a55 f com_spd.obj
 0001:00007a82       ?AdjustForSkip@RGE_Communications_Speed@@QAEXI@Z 00408a82 f com_spd.obj
 0001:00007b21       ?ElapsedMsecInCurrentTurn@RGE_Communications_Speed@@QAEKXZ 00408b21 f com_spd.obj
 0001:00007b45       ?AdjustLocalSpeed@RGE_Communications_Speed@@IAEXXZ 00408b45 f com_spd.obj
 0001:00007c20       ?ReloadBufferFrames@RGE_Communications_Speed@@QAEXXZ 00408c20 f com_spd.obj
 0001:00007c6b       ?BufferTimeToUse@RGE_Communications_Speed@@QAEIK@Z 00408c6b f com_spd.obj
 0001:00007da6       ?GetSelfPlayerOptimalSpeedStr@RGE_Communications_Speed@@QAEPADXZ 00408da6 f com_spd.obj
 0001:00007de5       ?GetPlayerSpeedStatusStr@RGE_Communications_Speed@@QAEPADH@Z 00408de5 f com_spd.obj
 0001:00008051       ?GetRecommendedBufferFrames@RGE_Communications_Speed@@QAEIXZ 00409051 f com_spd.obj
 0001:00008093       ?GetRecommendedBufferGranularity@RGE_Communications_Speed@@QAEIXZ 00409093 f com_spd.obj
 0001:000080cb       ?AnalyzeGameSpeed@RGE_Communications_Speed@@QAEHPAI0@Z 004090cb f com_spd.obj
 0001:00008190       ??_GRGE_TimeSinceLastCall@@QAEPAXI@Z 00409190 f com_spd.obj
 0001:000081d0       ??0TPicturePanel@@QAE@XZ   004091d0 f Pnl_pic.obj
 0001:000082a8       ??1TPicturePanel@@UAE@XZ   004092a8 f Pnl_pic.obj
 0001:00008318       ?setup@TPicturePanel@@QAEJPAVTDrawArea@@PAVTPanel@@JJJJPADHH@Z 00409318 f Pnl_pic.obj
 0001:0000844e       ?set_picture@TPicturePanel@@QAEXPAVTShape@@@Z 0040944e f Pnl_pic.obj
 0001:00008494       ?load_pic@TPicturePanel@@IAEHXZ 00409494 f Pnl_pic.obj
 0001:000086e4       ?free_pic@TPicturePanel@@IAEXXZ 004096e4 f Pnl_pic.obj
 0001:000087b7       ?draw@TPicturePanel@@UAEXXZ 004097b7 f Pnl_pic.obj
 0001:000088f0       ??_ETPicturePanel@@UAEPAXI@Z 004098f0 f Pnl_pic.obj
 0001:000088f0       ??_GTPicturePanel@@UAEPAXI@Z 004098f0 f Pnl_pic.obj
 0001:00008930       ??_GTPicture@@QAEPAXI@Z    00409930 f Pnl_pic.obj
 0001:00008970       ??0TribeConstructionAIModule@@QAE@PAXH@Z 00409970 f taiconmd.obj
 0001:000089f6       ??1TribeConstructionAIModule@@UAE@XZ 004099f6 f taiconmd.obj
 0001:00008a5e       ?setMainDecisionAI@TribeConstructionAIModule@@QAEXPAVTribeMainDecisionAIModule@@@Z 00409a5e f taiconmd.obj
 0001:00008a82       ?placeStructure@TribeConstructionAIModule@@UAEPAVConstructionItem@@PAVBuildItem@@@Z 00409a82 f taiconmd.obj
 0001:00008ff7       ?randomlyPlaceStructure@TribeConstructionAIModule@@UAEPAVConstructionItem@@PAVBuildItem@@@Z 00409ff7 f taiconmd.obj
 0001:000090e4       ?setBuilt@TribeConstructionAIModule@@UAEXPAVConstructionItem@@H@Z 0040a0e4 f taiconmd.obj
 0001:0000910c       ?setBuilt@TribeConstructionAIModule@@QAEXPAVBaseObject@@H@Z 0040a10c f taiconmd.obj
 0001:000091ce       ?compare@TribeConstructionAIModule@@IAEPAVConstructionItem@@PAV2@0@Z 0040a1ce f taiconmd.obj
 0001:00009210       ?loadState@AIModule@@UAEHPAD@Z 0040a210 f taiconmd.obj
 0001:00009230       ?saveState@AIModule@@UAEHPAD@Z 0040a230 f taiconmd.obj
 0001:00009250       ?gleanState@AIModule@@UAEHH@Z 0040a250 f taiconmd.obj
 0001:00009270       ??_ETribeConstructionAIModule@@UAEPAXI@Z 0040a270 f taiconmd.obj
 0001:00009270       ??_GTribeConstructionAIModule@@UAEPAXI@Z 0040a270 f taiconmd.obj
 0001:000092b0       ??0DString@@QAE@XZ         0040a2b0 f dstring.obj
 0001:0000931c       ??0DString@@QAE@ABV0@@Z    0040a31c f dstring.obj
 0001:000093ab       ??0DString@@QAE@PBD@Z      0040a3ab f dstring.obj
 0001:00009438       ??1DString@@QAE@XZ         0040a438 f dstring.obj
 0001:00009468       ??6@YAAAVostream@@AAV0@ABVDString@@@Z 0040a468 f dstring.obj
 0001:00009495       ??5@YAAAVistream@@AAV0@AAVDString@@@Z 0040a495 f dstring.obj
 0001:000094d3       ??4DString@@QAEAAV0@PBD@Z  0040a4d3 f dstring.obj
 0001:0000957a       ??4DString@@QAEAAV0@ABV0@@Z 0040a57a f dstring.obj
 0001:00009623       ??8@YAHABVDString@@0@Z     0040a623 f dstring.obj
 0001:0000965b       ??8@YAHABVDString@@PBD@Z   0040a65b f dstring.obj
 0001:00009691       ??8@YAHPBDABVDString@@@Z   0040a691 f dstring.obj
 0001:000096c7       ??9@YAHABVDString@@0@Z     0040a6c7 f dstring.obj
 0001:000096ff       ??9@YAHABVDString@@PBD@Z   0040a6ff f dstring.obj
 0001:00009735       ??9@YAHPBDABVDString@@@Z   0040a735 f dstring.obj
 0001:0000976b       ??M@YAHABVDString@@0@Z     0040a76b f dstring.obj
 0001:000097a3       ??M@YAHABVDString@@PBD@Z   0040a7a3 f dstring.obj
 0001:000097d9       ??M@YAHPBDABVDString@@@Z   0040a7d9 f dstring.obj
 0001:0000980f       ??O@YAHABVDString@@0@Z     0040a80f f dstring.obj
 0001:00009847       ??O@YAHABVDString@@PBD@Z   0040a847 f dstring.obj
 0001:0000987d       ??O@YAHPBDABVDString@@@Z   0040a87d f dstring.obj
 0001:000098b3       ??HDString@@QBE?AV0@ABV0@@Z 0040a8b3 f dstring.obj
 0001:00009971       ??ADString@@QAEAADH@Z      0040a971 f dstring.obj
 0001:000099b5       ??BDString@@QBEPADXZ       0040a9b5 f dstring.obj
 0001:000099d0       ?length@DString@@QBEHXZ    0040a9d0 f dstring.obj
 0001:000099ec       ?index@DString@@QBEHXZ     0040a9ec f dstring.obj
 0001:00009a08       ?contains@DString@@QBEHV1@@Z 0040aa08 f dstring.obj
 0001:00009aa9       ?contains@DString@@QBEHPBD@Z 0040aaa9 f dstring.obj
 0001:00009ae7       ?numWords@DString@@QAEHXZ  0040aae7 f dstring.obj
 0001:00009be7       ?word@DString@@QAE?AV1@H@Z 0040abe7 f dstring.obj
 0001:00009ddb       ?nextWord@DString@@QAE?AV1@H@Z 0040addb f dstring.obj
 0001:00009f03       ?moveToFirstWord@DString@@QAEXXZ 0040af03 f dstring.obj
 0001:00009f2d       ?moveToNextWord@DString@@QAEXXZ 0040af2d f dstring.obj
 0001:00009fbd       ?subString@DString@@QAE?AV1@HH@Z 0040afbd f dstring.obj
 0001:0000a0ab       ?append@DString@@QAEXV1@@Z 0040b0ab f dstring.obj
 0001:0000a1ea       ?stripTrailing@DString@@QAE?AV1@D@Z 0040b1ea f dstring.obj
 0001:0000a2c0       ?stripLeading@DString@@QAE?AV1@D@Z 0040b2c0 f dstring.obj
 0001:0000a39d       ?asInt@DString@@QBEHXZ     0040b39d f dstring.obj
 0001:0000a3c1       ?asDouble@DString@@QBENXZ  0040b3c1 f dstring.obj
 0001:0000a3e5       ?uppercase@DString@@QAEXXZ 0040b3e5 f dstring.obj
 0001:0000a440       ?asUppercase@DString@@QAE?AV1@XZ 0040b440 f dstring.obj
 0001:0000a4dd       ?lowercase@DString@@QAEXXZ 0040b4dd f dstring.obj
 0001:0000a538       ?asLowercase@DString@@QAE?AV1@XZ 0040b538 f dstring.obj
 0001:0000a5d5       ?change@DString@@QAEXDD@Z  0040b5d5 f dstring.obj
 0001:0000a636       ??0DKeyString@@QAE@XZ      0040b636 f dstring.obj
 0001:0000a6c1       ??0DKeyString@@QAE@VDString@@0@Z 0040b6c1 f dstring.obj
 0001:0000a778       ??1DKeyString@@QAE@XZ      0040b778 f dstring.obj
 0001:0000a7f0       ?key@DKeyString@@QBE?AVDString@@XZ 0040b7f0 f dstring.obj
 0001:0000a85e       ?setKey@DKeyString@@QAEXVDString@@@Z 0040b85e f dstring.obj
 0001:0000a8c6       ?value@DKeyString@@QBE?AVDString@@XZ 0040b8c6 f dstring.obj
 0001:0000a937       ?setValue@DKeyString@@QAEXVDString@@@Z 0040b937 f dstring.obj
 0001:0000a9b0       ?getline@istream@@QAEAAV1@PADHD@Z 0040b9b0 f dstring.obj
 0001:0000aa10       ?lock@ios@@QAAXXZ          0040ba10 f dstring.obj
 0001:0000aa20       ?unlock@ios@@QAAXXZ        0040ba20 f dstring.obj
 0001:0000aa30       ??0TribeDiplomacyDialog@@QAE@PAVTPanel@@@Z 0040ba30 f dlg_dip.obj
 0001:0000c5db       ??1TribeDiplomacyDialog@@UAE@XZ 0040d5db f dlg_dip.obj
 0001:0000c907       ?action@TribeDiplomacyDialog@@MAEJPAVTPanel@@JKK@Z 0040d907 f dlg_dip.obj
 0001:0000cc52       ?draw@TribeDiplomacyDialog@@UAEXXZ 0040dc52 f dlg_dip.obj
 0001:0000cd60       ?get_font@RGE_Base_Game@@QAEPAURGE_Font@@H@Z 0040dd60 f dlg_dip.obj
 0001:0000cd90       ?get_sound@RGE_Base_Game@@QAEPAVTDigital@@H@Z 0040dd90 f dlg_dip.obj
 0001:0000cdc0       ?get_world@RGE_Base_Game@@QAEPAVRGE_Game_World@@XZ 0040ddc0 f dlg_dip.obj
 0001:0000cde0       ?get_draw_system@RGE_Base_Game@@QAEPAVTDrawSystem@@XZ 0040dde0 f dlg_dip.obj
 0001:0000ce00       ?get_draw_area@RGE_Base_Game@@QAEPAVTDrawArea@@XZ 0040de00 f dlg_dip.obj
 0001:0000ce20       ??_GTribeDiplomacyDialog@@UAEPAXI@Z 0040de20 f dlg_dip.obj
 0001:0000ce20       ??_ETribeDiplomacyDialog@@UAEPAXI@Z 0040de20 f dlg_dip.obj
 0001:0000ce60       ??0TribeGameSettingsScreen@@QAE@XZ 0040de60 f scr_set.obj
 0001:0000db2e       ?init_vars@TribeGameSettingsScreen@@IAEXXZ 0040eb2e f scr_set.obj
 0001:0000dcf9       ??1TribeGameSettingsScreen@@UAE@XZ 0040ecf9 f scr_set.obj
 0001:0000df87       ?handle_idle@TribeGameSettingsScreen@@UAEJXZ 0040ef87 f scr_set.obj
 0001:0000dfec       ?action@TribeGameSettingsScreen@@MAEJPAVTPanel@@JKK@Z 0040efec f scr_set.obj
 0001:0000e59c       ?fillScenarios@TribeGameSettingsScreen@@IAEXXZ 0040f59c f scr_set.obj
 0001:0000eaca       ?fillMissionText@TribeGameSettingsScreen@@IAEXXZ 0040faca f scr_set.obj
 0001:0000ed48       ?getSettings@TribeGameSettingsScreen@@IAEXXZ 0040fd48 f scr_set.obj
 0001:0000ef4e       ?sendSettings@TribeGameSettingsScreen@@IAEXXZ 0040ff4e f scr_set.obj
 0001:0000f0bd       ?activatePanels@TribeGameSettingsScreen@@IAEXXZ 004100bd f scr_set.obj
 0001:0000f3c3       ?activateVictoryPanels@TribeGameSettingsScreen@@IAEXXZ 004103c3 f scr_set.obj
 0001:0000f8b0       ??_GTribeGameSettingsScreen@@UAEPAXI@Z 004108b0 f scr_set.obj
 0001:0000f8b0       ??_ETribeGameSettingsScreen@@UAEPAXI@Z 004108b0 f scr_set.obj
 0001:0000f8f0       ?is_active@TPanel@@QAEHXZ  004108f0 f scr_set.obj
 0001:0000f910       ?set_sorted@TTextPanel@@QAEXH@Z 00410910 f scr_set.obj
 0001:0000f940       ?get_description@RGE_Scenario_Header@@QAEPADXZ 00410940 f scr_set.obj
 0001:0000f960       ?get_any_sp_victory@TRIBE_Scenario_Header@@QAEHXZ 00410960 f scr_set.obj
 0001:0000f980       ?get_active_player_count@TRIBE_Scenario_Header@@QAEHXZ 00410980 f scr_set.obj
 0001:0000f9a0       ??_GTRIBE_Scenario_Header@@QAEPAXI@Z 004109a0 f scr_set.obj
 0001:0000f9e0       ??1TRIBE_Scenario_Header@@QAE@XZ 004109e0 f scr_set.obj
 0001:0000fa40       ?get_curr_child@TPanel@@QAEPAV1@XZ 00410a40 f scr_set.obj
 0001:0000fa60       ??0TRIBE_Panel_Button@@QAE@PAVTDrawArea@@PAVTPanel@@PAVTDigital@@PAXJJPAVTShape@@@Z 00410a60 f tpnl_btn.obj
 0001:0000fb5b       ?set_text_msg@TRIBE_Panel_Button@@QAEXPAD@Z 00410b5b f tpnl_btn.obj
 0001:0000fbad       ?draw@TRIBE_Panel_Button@@UAEXXZ 00410bad f tpnl_btn.obj
 0001:000102f0       ??_ETRIBE_Panel_Button@@UAEPAXI@Z 004112f0 f tpnl_btn.obj
 0001:000102f0       ??_GTRIBE_Panel_Button@@UAEPAXI@Z 004112f0 f tpnl_btn.obj
 0001:00010330       ??1TRIBE_Panel_Button@@UAE@XZ 00411330 f tpnl_btn.obj
 0001:00010390       ??0TRIBE_Action_Build@@QAE@HPAVRGE_Action_Object@@@Z 00411390 f tact_bld.obj
 0001:00010414       ??0TRIBE_Action_Build@@QAE@PAVRGE_Action_Object@@PAVRGE_Task@@PAVRGE_Static_Object@@@Z 00411414 f tact_bld.obj
 0001:000104f3       ??0TRIBE_Action_Build@@QAE@PAVRGE_Action_Object@@PAVRGE_Task@@MMM@Z 004114f3 f tact_bld.obj
 0001:00010597       ?first_in_stack@TRIBE_Action_Build@@UAEXE@Z 00411597 f tact_bld.obj
 0001:000105fa       ?set_state@TRIBE_Action_Build@@MAEXE@Z 004115fa f tact_bld.obj
 0001:0001094b       ?update@TRIBE_Action_Build@@UAEEXZ 0041194b f tact_bld.obj
 0001:00010c44       ?stop@TRIBE_Action_Build@@UAEHXZ 00411c44 f tact_bld.obj
 0001:00010c6c       ?move_to@TRIBE_Action_Build@@UAEHPAVRGE_Static_Object@@MMM@Z 00411c6c f tact_bld.obj
 0001:00010cbe       ?work@TRIBE_Action_Build@@UAEHPAVRGE_Static_Object@@MMM@Z 00411cbe f tact_bld.obj
 0001:00010da0       ?get_target_obj@RGE_Action@@UAEPAVRGE_Static_Object@@XZ 00411da0 f tact_bld.obj
 0001:00010dc0       ??_GTRIBE_Action_Build@@UAEPAXI@Z 00411dc0 f tact_bld.obj
 0001:00010dc0       ??_ETRIBE_Action_Build@@UAEPAXI@Z 00411dc0 f tact_bld.obj
 0001:00010e00       ??1TRIBE_Action_Build@@UAE@XZ 00411e00 f tact_bld.obj
 0001:00010e60       ?get_quick_build@RGE_Base_Game@@QAEHXZ 00411e60 f tact_bld.obj
 0001:00010e80       ??0STRATOS_Action_Transport@@QAE@HPAVRGE_Action_Object@@@Z 00411e80 f s_act_tr.obj
 0001:000110d8       ??0STRATOS_Action_Transport@@QAE@PAVRGE_Action_Object@@PAVRGE_Task@@MMM@Z 004120d8 f s_act_tr.obj
 0001:0001117c       ?first_in_stack@STRATOS_Action_Transport@@UAEXE@Z 0041217c f s_act_tr.obj
 0001:00011200       ?set_state@STRATOS_Action_Transport@@MAEXE@Z 00412200 f s_act_tr.obj
 0001:000113d6       ?update@STRATOS_Action_Transport@@UAEEXZ 004123d6 f s_act_tr.obj
 0001:000114f1       ?stop@STRATOS_Action_Transport@@UAEHXZ 004124f1 f s_act_tr.obj
 0001:00011519       ?move_to@STRATOS_Action_Transport@@UAEHPAVRGE_Static_Object@@MMM@Z 00412519 f s_act_tr.obj
 0001:0001155e       ?work@STRATOS_Action_Transport@@UAEHPAVRGE_Static_Object@@MMM@Z 0041255e f s_act_tr.obj
 0001:000115b0       ??_ESTRATOS_Action_Transport@@UAEPAXI@Z 004125b0 f s_act_tr.obj
 0001:000115b0       ??_GSTRATOS_Action_Transport@@UAEPAXI@Z 004125b0 f s_act_tr.obj
 0001:000115f0       ??_GRGE_Action_List@@QAEPAXI@Z 004125f0 f s_act_tr.obj
 0001:00011630       ??1STRATOS_Action_Transport@@UAE@XZ 00412630 f s_act_tr.obj
 0001:00011690       ??0RGE_Campaign_Info@@QAE@HPAPAVRGE_Campaign@@J@Z 00412690 f gameinfo.obj
 0001:000117c6       ??0RGE_Campaign_Info@@QAE@PAVRGE_Campaign@@@Z 004127c6 f gameinfo.obj
 0001:000118ff       ??1RGE_Campaign_Info@@QAE@XZ 004128ff f gameinfo.obj
 0001:00011944       ?save@RGE_Campaign_Info@@QAEXH@Z 00412944 f gameinfo.obj
 0001:00011a07       ?set_current_scenario@RGE_Campaign_Info@@QAEEJ@Z 00412a07 f gameinfo.obj
 0001:00011a88       ?verify_campaign_name@RGE_Campaign_Info@@QAEEPAD@Z 00412a88 f gameinfo.obj
 0001:00011ac6       ?get_scenario_list@RGE_Campaign_Info@@QAEJPAPAPADAAJ@Z 00412ac6 f gameinfo.obj
 0001:00011b80       ?get_current_scenario@RGE_Campaign_Info@@QAEJXZ 00412b80 f gameinfo.obj
 0001:00011b9f       ?notify_of_scenario_complete@RGE_Campaign_Info@@QAEXXZ 00412b9f f gameinfo.obj
 0001:00011c59       ?open_scenario@RGE_Campaign_Info@@QAEHXZ 00412c59 f gameinfo.obj
 0001:00011ca1       ??0RGE_Person_Info@@QAE@HPAPAVRGE_Campaign@@J@Z 00412ca1 f gameinfo.obj
 0001:00011e20       ??0RGE_Person_Info@@QAE@PADPAPAVRGE_Campaign@@J@Z 00412e20 f gameinfo.obj
 0001:00011e8a       ??1RGE_Person_Info@@QAE@XZ 00412e8a f gameinfo.obj
 0001:00011f33       ?save@RGE_Person_Info@@QAEXH@Z 00412f33 f gameinfo.obj
 0001:00011fe3       ?get_name@RGE_Person_Info@@QAEPADXZ 00412fe3 f gameinfo.obj
 0001:00011ffc       ?set_current_campaign@RGE_Person_Info@@QAEEJ@Z 00412ffc f gameinfo.obj
 0001:000121de       ?get_current_campaign@RGE_Person_Info@@QAEJXZ 004131de f gameinfo.obj
 0001:0001228a       ?get_current_scenario@RGE_Person_Info@@QAEJXZ 0041328a f gameinfo.obj
 0001:000122f0       ?set_current_scenario@RGE_Person_Info@@QAEEJ@Z 004132f0 f gameinfo.obj
 0001:00012359       ?get_scenario_list@RGE_Person_Info@@QAEJPAPAPADAAJ@Z 00413359 f gameinfo.obj
 0001:000123aa       ?notify_of_scenario_complete@RGE_Person_Info@@QAEXXZ 004133aa f gameinfo.obj
 0001:000123ea       ?open_scenario@RGE_Person_Info@@QAEHXZ 004133ea f gameinfo.obj
 0001:00012434       ??0RGE_Game_Info@@QAE@PAD@Z 00413434 f gameinfo.obj
 0001:000125ef       ??1RGE_Game_Info@@QAE@XZ   004135ef f gameinfo.obj
 0001:000126f3       ?save@RGE_Game_Info@@QAEXPAD@Z 004136f3 f gameinfo.obj
 0001:000127cc       ?find_campaigns@RGE_Game_Info@@QAEXXZ 004137cc f gameinfo.obj
 0001:00012a0c       ?add_new_person@RGE_Game_Info@@QAEEPAD@Z 00413a0c f gameinfo.obj
 0001:00012b1a       ?set_current_person@RGE_Game_Info@@QAEEJ@Z 00413b1a f gameinfo.obj
 0001:00012b5b       ?set_current_campaign@RGE_Game_Info@@QAEEJ@Z 00413b5b f gameinfo.obj
 0001:00012bae       ?set_current_scenario@RGE_Game_Info@@QAEEJ@Z 00413bae f gameinfo.obj
 0001:00012bf5       ?get_people_list@RGE_Game_Info@@QAEJPAPAPADAAJ@Z 00413bf5 f gameinfo.obj
 0001:00012c89       ?get_campaign_list@RGE_Game_Info@@QAEJPAPAPADAAJ@Z 00413c89 f gameinfo.obj
 0001:00012d48       ?get_scenario_list@RGE_Game_Info@@QAEJPAPAPADAAJ@Z 00413d48 f gameinfo.obj
 0001:00012dc8       ?get_current_scenario@RGE_Game_Info@@QAEJXZ 00413dc8 f gameinfo.obj
 0001:00012e18       ?get_current_campaign@RGE_Game_Info@@QAEJXZ 00413e18 f gameinfo.obj
 0001:00012e68       ?get_current_player@RGE_Game_Info@@QAEJXZ 00413e68 f gameinfo.obj
 0001:00012e83       ?notify_of_scenario_complete@RGE_Game_Info@@QAEXXZ 00413e83 f gameinfo.obj
 0001:00012ec9       ?open_scenario@RGE_Game_Info@@QAEHXZ 00413ec9 f gameinfo.obj
 0001:00012f20       ??_GRGE_Campaign_Info@@QAEPAXI@Z 00413f20 f gameinfo.obj
 0001:00012f60       ??_GRGE_Campaign@@QAEPAXI@Z 00413f60 f gameinfo.obj
 0001:00012fa0       ??_GRGE_Person_Info@@QAEPAXI@Z 00413fa0 f gameinfo.obj
 0001:00012fe0       ??0ObjectPlacer@@QAE@XZ    00413fe0 f mapobjct.obj
 0001:00013001       ??1ObjectPlacer@@QAE@XZ    00414001 f mapobjct.obj
 0001:0001301f       ?ClearAllValues@ObjectPlacer@@QAEXXZ 0041401f f mapobjct.obj
 0001:000130e8       ?PrepareForObjectPlacement@ObjectPlacer@@QAEXXZ 004140e8 f mapobjct.obj
 0001:00013119       ?GetPlayer@ObjectPlacer@@IAEXXZ 00414119 f mapobjct.obj
 0001:0001312f       ?CompareObjectToCenters@ObjectPlacer@@IAEHHHH@Z 0041412f f mapobjct.obj
 0001:000131d6       ?PlaceObjects@ObjectPlacer@@QAEXHH@Z 004141d6 f mapobjct.obj
 0001:000137cb       ?FindFirstCliffFileNumber@ObjectPlacer@@QAEHXZ 004147cb f mapobjct.obj
 0001:00013850       ?DeleteObject@ObjectPlacer@@QAEXPAVRGE_Static_Object@@@Z 00414850 f mapobjct.obj
 0001:00013896       ?ChangeObjectFacet@ObjectPlacer@@QAEXPAVRGE_Static_Object@@H@Z 00414896 f mapobjct.obj
 0001:000138b8       ?PlaceCliff@ObjectPlacer@@QAEXMMHH@Z 004148b8 f mapobjct.obj
 0001:00013a2a       ?PlaceObject@ObjectPlacer@@IAEHHHH@Z 00414a2a f mapobjct.obj
 0001:00013b1b       ?IsObjectPlacementValid@ObjectPlacer@@IAEHHHH@Z 00414b1b f mapobjct.obj
 0001:00013bc5       ?ForcePlaceObject@ObjectPlacer@@IAEXHHH@Z 00414bc5 f mapobjct.obj
 0001:00013c63       ?ForcePlaceObject@ObjectPlacer@@IAEXHHHHHH@Z 00414c63 f mapobjct.obj
 0001:00013d92       ?PlaceCenterBasedObject@ObjectPlacer@@IAEHHHHH@Z 00414d92 f mapobjct.obj
 0001:00013eb2       ?PlaceCenterBasedCenter@ObjectPlacer@@IAEHHHHH@Z 00414eb2 f mapobjct.obj
 0001:0001406e       ?RetrieveMapValue@ObjectPlacer@@IAEHHH@Z 0041506e f mapobjct.obj
 0001:000140fc       ?RetrieveElevationValue@ObjectPlacer@@IAEHHH@Z 004150fc f mapobjct.obj
 0001:0001418a       ?FindAnOpenSpot@ObjectPlacer@@IAEHPAH0PAULandPasserStruct@@@Z 0041518a f mapobjct.obj
 0001:00014405       ?PlaceObjectAtARadius@ObjectPlacer@@IAEHPAULandPasserStruct@@@Z 00415405 f mapobjct.obj
 0001:0001465e       ?PlaceRandom1@ObjectPlacer@@IAEXHHHHH@Z 0041565e f mapobjct.obj
 0001:00014763       ?PlaceRandom2@ObjectPlacer@@IAEXHH@Z 00415763 f mapobjct.obj
 0001:0001480b       ?PlaceRandomRestricted1@ObjectPlacer@@IAEXHHHHH@Z 0041580b f mapobjct.obj
 0001:00014901       ?PlaceRandomPerCenter1@ObjectPlacer@@IAEXHHHHHH@Z 00415901 f mapobjct.obj
 0001:00014a91       ?PlaceRandomGroupPerCenter@ObjectPlacer@@IAEXHHHHHH@Z 00415a91 f mapobjct.obj
 0001:00014c94       ?PlaceRandomPer100Tile1@ObjectPlacer@@IAEXHHHHH@Z 00415c94 f mapobjct.obj
 0001:00014e17       ?PlaceRandomPerCenter2@ObjectPlacer@@IAEXHHHHH@Z 00415e17 f mapobjct.obj
 0001:00014f16       ?PlaceRandomGroupPerCenterAdditiveDist@ObjectPlacer@@IAEXHHHHHH@Z 00415f16 f mapobjct.obj
 0001:00015459       ?PlaceRandomPerPlayerDist@ObjectPlacer@@IAEXHHHHHH@Z 00416459 f mapobjct.obj
 0001:00015647       ?PlaceClusterBuddies@ObjectPlacer@@IAEXHHHHHHH@Z 00416647 f mapobjct.obj
 0001:0001591f       ?PlaceRandomNearTypeOfLand@ObjectPlacer@@IAEXHHHHH@Z 0041691f f mapobjct.obj
 0001:00015b81       ?PlaceStringsDiagonally@ObjectPlacer@@IAEXHHHH@Z 00416b81 f mapobjct.obj
 0001:00016026       ?PlaceBanishedObject@ObjectPlacer@@IAEXHHHHHH@Z 00417026 f mapobjct.obj
 0001:00016158       ?PlaceCenterSurroundObjects@ObjectPlacer@@IAEXHHHHH@Z 00417158 f mapobjct.obj
 0001:00016371       ?PlaceCenterObject@ObjectPlacer@@IAEXHH@Z 00417371 f mapobjct.obj
 0001:00016480       ?cos@@YAMM@Z               00417480 f mapobjct.obj
 0001:000164a0       _cosf                      004174a0 f mapobjct.obj
 0001:000164d0       ?sin@@YAMM@Z               004174d0 f mapobjct.obj
 0001:000164f0       _sinf                      004174f0 f mapobjct.obj
 0001:00016520       ??0TRIBE_Action_Discovery_Artifact@@QAE@HPAVRGE_Action_Object@@@Z 00417520 f tact_dar.obj
 0001:000165e9       ??0TRIBE_Action_Discovery_Artifact@@QAE@PAVRGE_Action_Object@@PAVRGE_Task@@PAVRGE_Static_Object@@@Z 004175e9 f tact_dar.obj
 0001:0001669f       ??0TRIBE_Action_Discovery_Artifact@@QAE@PAVRGE_Action_Object@@PAVRGE_Task@@MMM@Z 0041769f f tact_dar.obj
 0001:00016764       ?save@TRIBE_Action_Discovery_Artifact@@UAEXH@Z 00417764 f tact_dar.obj
 0001:000167ac       ?first_in_stack@TRIBE_Action_Discovery_Artifact@@UAEXE@Z 004177ac f tact_dar.obj
 0001:000167de       ?set_state@TRIBE_Action_Discovery_Artifact@@MAEXE@Z 004177de f tact_dar.obj
 0001:00016832       ?update@TRIBE_Action_Discovery_Artifact@@UAEEXZ 00417832 f tact_dar.obj
 0001:000168e7       ?check_objects@TRIBE_Action_Discovery_Artifact@@IAEXXZ 004178e7 f tact_dar.obj
 0001:00016b30       ??_ETRIBE_Action_Discovery_Artifact@@UAEPAXI@Z 00417b30 f tact_dar.obj
 0001:00016b30       ??_GTRIBE_Action_Discovery_Artifact@@UAEPAXI@Z 00417b30 f tact_dar.obj
 0001:00016b70       ??1TRIBE_Action_Discovery_Artifact@@UAE@XZ 00417b70 f tact_dar.obj
 0001:00016bd0       ??0CliffMaker@@QAE@XZ      00417bd0 f cliff.obj
 0001:00016c62       ??1CliffMaker@@QAE@XZ      00417c62 f cliff.obj
 0001:00016d93       ?SetDimensions@CliffMaker@@QAEXHH@Z 00417d93 f cliff.obj
 0001:00016e02       ?CreateCliffs@CliffMaker@@QAEXXZ 00417e02 f cliff.obj
 0001:00016e30       ?ClearMatrix@CliffMaker@@IAEXXZ 00417e30 f cliff.obj
 0001:00016ea1       ?GetCliffVal@CliffMaker@@QBEHHH@Z 00417ea1 f cliff.obj
 0001:00016f18       ?CountNumberOfCliffNeighbors@CliffMaker@@IAEHHH@Z 00417f18 f cliff.obj
 0001:00016faa       ?SetCliffVal@CliffMaker@@IAEXHHH@Z 00417faa f cliff.obj
 0001:000170b7       ?TestAreaAroundForOtherCliffsAlreadyPlaced@CliffMaker@@IAEHHHH@Z 004180b7 f cliff.obj
 0001:000171bd       ?CheckLocationVsInsideRectangles@CliffMaker@@IAEHHH@Z 004181bd f cliff.obj
 0001:0001727f       ?DrawCliffs@CliffMaker@@IAEXXZ 0041827f f cliff.obj
 0001:0001764a       ?CleanUpAllCliffs@CliffMaker@@IAEXXZ 0041864a f cliff.obj
 0001:00017660       ?QuadrantManager@CliffMaker@@IAEXHHPAH0@Z 00418660 f cliff.obj
 0001:00017726       ?GetFacetDimensions@CliffMaker@@QAEXPAH0H@Z 00418726 f cliff.obj
 0001:00017755       ?GetNextCliff@CliffMaker@@QAEHPAH00@Z 00418755 f cliff.obj
 0001:00017831       ?PassAvoidanceRectangles@CliffMaker@@QAEXPAURECTANGLE2@@H@Z 00418831 f cliff.obj
 0001:00017953       ?InitCliffPattern@CliffMaker@@IAEXXZ 00418953 f cliff.obj
 0001:00017e3e       ?DeleteCliffPattern@CliffMaker@@IAEXXZ 00418e3e f cliff.obj
 0001:00017e7c       ?SetCliffForPainting@CliffMaker@@IAEXHHH@Z 00418e7c f cliff.obj
 0001:00017f14       ?ClearChangedValues@CliffMaker@@IAEXXZ 00418f14 f cliff.obj
 0001:00017f5e       ?IncrementDirection@CliffMaker@@IAE?AW4Direction@@W42@@Z 00418f5e f cliff.obj
 0001:00017fed       ?QueryTable@CliffMaker@@IAEHW4Direction@@W4Face@@01@Z 00418fed f cliff.obj
 0001:000180a1       ?QueryTable@CliffMaker@@IAEHPAUCliffPatternMatcher@@@Z 004190a1 f cliff.obj
 0001:000181b4       ?QueryTable@CliffMaker@@IAEHW4Face@@000@Z 004191b4 f cliff.obj
 0001:00018266       ?QueryNeighbor@CliffMaker@@IAE?AW4Face@@HHW4Direction@@@Z 00419266 f cliff.obj
 0001:0001839f       ?ClearTags@CliffMaker@@IAEXXZ 0041939f f cliff.obj
 0001:000183f8       ?DeleteCliffForPainting@CliffMaker@@IAEXHH@Z 004193f8 f cliff.obj
 0001:00018472       ?GetDirection@CliffMaker@@IAE?AW4Direction@@HHHH@Z 00419472 f cliff.obj
 0001:000184ff       ?QueryDirections@CliffMaker@@IAEHHPAW4Direction@@0@Z 004194ff f cliff.obj
 0001:00018605       ?DeleteCliff@CliffMaker@@QAEXHH@Z 00419605 f cliff.obj
 0001:0001885e       ?PlaceLast@CliffMaker@@IAEXXZ 0041985e f cliff.obj
 0001:00018b66       ?PlacePos@CliffMaker@@IAEXXZ 00419b66 f cliff.obj
 0001:00018c2f       ?CleanUpCliffsForPainting@CliffMaker@@IAEXXZ 00419c2f f cliff.obj
 0001:00018c9f       ?StoreLastDirections@CliffMaker@@IAEXXZ 00419c9f f cliff.obj
 0001:00018ce9       ?StorePosDirections@CliffMaker@@IAEXXZ 00419ce9 f cliff.obj
 0001:00018d33       ?GetPosition@CliffMaker@@IAEXW4Direction@@PAH1@Z 00419d33 f cliff.obj
 0001:00018d87       ?ReEvaluateNeighborCliffsForLast@CliffMaker@@IAEXXZ 00419d87 f cliff.obj
 0001:00018f77       ?GetNonNeighbors@CliffMaker@@IAEXHPAW4Direction@@00@Z 00419f77 f cliff.obj
 0001:000190a4       ?EliminateNonNeighborsNotConnected@CliffMaker@@IAEXHH@Z 0041a0a4 f cliff.obj
 0001:00019222       ?ReEvaluateNeighborCliffs@CliffMaker@@IAEXXZ 0041a222 f cliff.obj
 0001:00019412       ?EvaluateCurrentPosition@CliffMaker@@IAEHXZ 0041a412 f cliff.obj
 0001:0001942a       ?ReEvaluateCurrentPosition@CliffMaker@@IAEHXZ 0041a42a f cliff.obj
 0001:000195f5       ?SetDimensionsForPainting@CliffMaker@@QAEXHH@Z 0041a5f5 f cliff.obj
 0001:000197c4       ?PassAllCliffs@CliffMaker@@QAEXQAH00H@Z 0041a7c4 f cliff.obj
 0001:00019855       ?FirstClick@CliffMaker@@QAEHHH@Z 0041a855 f cliff.obj
 0001:000198eb       ?EndPaintCliffs@CliffMaker@@QAEHHH@Z 0041a8eb f cliff.obj
 0001:00019949       ?PaintCliffs@CliffMaker@@QAEHHH@Z 0041a949 f cliff.obj
 0001:00019a75       ?GetOffsetAndFile@CliffMaker@@QAEXHPAM0PAH@Z 0041aa75 f cliff.obj
 0001:00019caa       ?GetNextCliffForPainting@CliffMaker@@QAEHPAH00@Z 0041acaa f cliff.obj
 0001:00019cc4       ?GetNextDeletedCliff@CliffMaker@@QAEHPAH0@Z 0041acc4 f cliff.obj
 0001:00019d43       ?GetNextChangedCliff@CliffMaker@@QAEHPAH0@Z 0041ad43 f cliff.obj
 0001:00019df0       ?FastHypotenuse@@YAHHHHH@Z 0041adf0 f map_set.obj
 0001:00019e4a       ?InitCliffs@ControlerOfLandscape@@QAEXXZ 0041ae4a f map_set.obj
 0001:0001a166       ?DeleteCliffs@ControlerOfLandscape@@QAEHXZ 0041b166 f map_set.obj
 0001:0001a3a6       ?ChangeCliffs@ControlerOfLandscape@@QAEHH@Z 0041b3a6 f map_set.obj
 0001:0001a737       ?PlaceCliffsFirstClick@ControlerOfLandscape@@QAEXHH@Z 0041b737 f map_set.obj
 0001:0001a85d       ?PlaceCliffsClickAndDrag@ControlerOfLandscape@@QAEXHH@Z 0041b85d f map_set.obj
 0001:0001aae9       ?PlaceCliffsMouseRelease@ControlerOfLandscape@@QAEXHH@Z 0041bae9 f map_set.obj
 0001:0001aba3       ?HandleDiagonalCliffs@ControlerOfLandscape@@QAEXHHHH@Z 0041bba3 f map_set.obj
 0001:0001aea8       ?SetDataFile@ControlerOfLandscape@@MAEXH@Z 0041bea8 f map_set.obj
 0001:0001b017       ?SetNumberOfPlayers@ControlerOfLandscape@@UAEXH@Z 0041c017 f map_set.obj
 0001:0001b03c       ?SetRGE_Player@ControlerOfLandscape@@UAEXPAPAVRGE_Player@@@Z 0041c03c f map_set.obj
 0001:0001b0a8       ?SetDistanceBetweenPlayers@ControlerOfLandscape@@UAEXH@Z 0041c0a8 f map_set.obj
 0001:0001b0cc       ?SetRandomSeed@ControlerOfLandscape@@UAEXJ@Z 0041c0cc f map_set.obj
 0001:0001b109       ?GetRandomSeed@ControlerOfLandscape@@UAEHXZ 0041c109 f map_set.obj
 0001:0001b128       ?PlaceElevation@ControlerOfLandscape@@UAEXHPAURECTANGLE@@@Z 0041c128 f map_set.obj
 0001:0001b156       ?DrawRandomCirclesOnEdgeOfRect@ControlerOfLandscape@@MAEXPAURECTANGLE@@H@Z 0041c156 f map_set.obj
 0001:0001b282       ?PlaceLand@ControlerOfLandscape@@UAEXPAURECTANGLE@@HH@Z 0041c282 f map_set.obj
 0001:0001b482       ?SetRestrictedType1@ControlerOfLandscape@@UAEXXZ 0041c482 f map_set.obj
 0001:0001b4a5       ?SetRestrictedType2@ControlerOfLandscape@@UAEXXZ 0041c4a5 f map_set.obj
 0001:0001b4c8       ?BorderCleanup@ControlerOfLandscape@@MAEXXZ 0041c4c8 f map_set.obj
 0001:0001b510       ?BorderCleanup@ControlerOfLandscape@@MAEXPAURECTANGLE@@@Z 0041c510 f map_set.obj
 0001:0001b84a       ?CreateRectMapCopyForStorage@ControlerOfLandscape@@MAEXPAURECTANGLE@@@Z 0041c84a f map_set.obj
 0001:0001b8fc       ?CompareStorageMapCopyToMapAndSetAllDifferences@ControlerOfLandscape@@MAEXXZ 0041c8fc f map_set.obj
 0001:0001ba35       ?DeleteMapCopy@ControlerOfLandscape@@MAEXXZ 0041ca35 f map_set.obj
 0001:0001ba4b       ?PlaceLand@ControlerOfLandscape@@UAEXPAUCIRCLE@@H@Z 0041ca4b f map_set.obj
 0001:0001bc72       ?PlaceLand@ControlerOfLandscape@@UAEXPAURECTANGLE@@0H@Z 0041cc72 f map_set.obj
 0001:0001bef3       ?SetPlayerType@ControlerOfLandscape@@UAEXHH@Z 0041cef3 f map_set.obj
 0001:0001bf57       ?SetPercentageLand@ControlerOfLandscape@@UAEXH@Z 0041cf57 f map_set.obj
 0001:0001bfc8       ?DestroyAllWorldObjects@ControlerOfLandscape@@MAEXXZ 0041cfc8 f map_set.obj
 0001:0001c09d       ?GenerateClearMap@ControlerOfLandscape@@UAEXH@Z 0041d09d f map_set.obj
 0001:0001c156       ?GenerateMapWithPlayersAndNoObjects@ControlerOfLandscape@@UAEXHHHHPAPAVRGE_Player@@@Z 0041d156 f map_set.obj
 0001:0001c48b       ?GenerateMapWithNoObjects@ControlerOfLandscape@@UAEXH@Z 0041d48b f map_set.obj
 0001:0001cd57       ?GenerateMap@ControlerOfLandscape@@UAEXH@Z 0041dd57 f map_set.obj
 0001:0001d8c4       ?SetFractalVariablesBasedOnLandShape@ControlerOfLandscape@@MAEHHH@Z 0041e8c4 f map_set.obj
 0001:0001dd66       ?GenerateSecondaryLandNotOnType@ControlerOfLandscape@@MAEXHHHH@Z 0041ed66 f map_set.obj
 0001:0001e06a       ?GenerateSecondaryLand@ControlerOfLandscape@@MAEXHHH@Z 0041f06a f map_set.obj
 0001:0001e248       ?ClearOutAFewSidesToACertainDepth@ControlerOfLandscape@@MAEXHHH@Z 0041f248 f map_set.obj
 0001:0001e6da       ?PrepMap@ControlerOfLandscape@@MAEPADXZ 0041f6da f map_set.obj
 0001:0001f190       ?PassMap@ObjectPlacer@@QAEXPADHH@Z 00420190 f map_set.obj
 0001:0001f1e0       ?PassObjects@ObjectPlacer@@QAEXPAUObjectsData@@H@Z 004201e0 f map_set.obj
 0001:0001f210       ?SetRGE_Player@ObjectPlacer@@QAEXPAPAVRGE_Player@@@Z 00420210 f map_set.obj
 0001:0001f240       ??_GCliffMaker@@QAEPAXI@Z  00420240 f map_set.obj
 0001:0001f280       ?PassElevation@ObjectPlacer@@QAEXPAD@Z 00420280 f map_set.obj
 0001:0001f2b0       ?PassCenters@ObjectPlacer@@QAEXPAH0H@Z 004202b0 f map_set.obj
 0001:0001f2f0       ?SetReducedNumbers@ObjectPlacer@@QAEXXZ 004202f0 f map_set.obj
 0001:0001f310       ?SetRestricted1Flag@ObjectPlacer@@QAEXXZ 00420310 f map_set.obj
 0001:0001f330       ?SetRestricted2Flag@ObjectPlacer@@QAEXXZ 00420330 f map_set.obj
 0001:0001f350       ?SetReduceDistanceFlag@ObjectPlacer@@QAEXXZ 00420350 f map_set.obj
 0001:0001f370       ??_GPointMaker@@QAEPAXI@Z  00420370 f map_set.obj
 0001:0001f3b0       ?set_save_random@RGE_Base_Game@@QAEXI@Z 004203b0 f map_set.obj
 0001:0001f3e0       ?get_start_random@RGE_Base_Game@@QAEIXZ 004203e0 f map_set.obj
 0001:0001f400       ??_GTDebuggingLog@@QAEPAXI@Z 00420400 f map_set.obj
 0001:0001f440       ?SetDimensions@PointMaker@@QAEXHH@Z 00420440 f map_set.obj
 0001:0001f470       ??0TRIBE_Master_Combat_Object@@QAE@PAV0@H@Z 00420470 f tm_co_ob.obj
 0001:0001f4fd       ??0TRIBE_Master_Combat_Object@@QAE@HPAPAVRGE_Sprite@@PAPAVRGE_Sound@@H@Z 004204fd f tm_co_ob.obj
 0001:0001f59a       ??0TRIBE_Master_Combat_Object@@QAE@PAU_iobuf@@PAPAVRGE_Sprite@@PAPAVRGE_Sound@@FH@Z 0042059a f tm_co_ob.obj
 0001:0001f63f       ?setup@TRIBE_Master_Combat_Object@@IAEHPAV1@@Z 0042063f f tm_co_ob.obj
 0001:0001f6f4       ?setup@TRIBE_Master_Combat_Object@@IAEHHPAPAVRGE_Sprite@@PAPAVRGE_Sound@@@Z 004206f4 f tm_co_ob.obj
 0001:0001f7ae       ?setup@TRIBE_Master_Combat_Object@@IAEHPAU_iobuf@@PAPAVRGE_Sprite@@PAPAVRGE_Sound@@F@Z 004207ae f tm_co_ob.obj
 0001:0001f885       ??1TRIBE_Master_Combat_Object@@UAE@XZ 00420885 f tm_co_ob.obj
 0001:0001f8ed       ?create_task_list@TRIBE_Master_Combat_Object@@UAEPAVRGE_Task_List@@XZ 004208ed f tm_co_ob.obj
 0001:0001f97e       ?copy_obj@TRIBE_Master_Combat_Object@@UAEXPAVRGE_Master_Static_Object@@@Z 0042097e f tm_co_ob.obj
 0001:0001fa2d       ?modify@TRIBE_Master_Combat_Object@@UAEXME@Z 00420a2d f tm_co_ob.obj
 0001:0001fab7       ?modify_delta@TRIBE_Master_Combat_Object@@UAEXME@Z 00420ab7 f tm_co_ob.obj
 0001:0001fb57       ?modify_percent@TRIBE_Master_Combat_Object@@UAEXME@Z 00420b57 f tm_co_ob.obj
 0001:0001fbf8       ?save@TRIBE_Master_Combat_Object@@UAEXH@Z 00420bf8 f tm_co_ob.obj
 0001:0001fc9e       ?make_new_obj@TRIBE_Master_Combat_Object@@UAEPAVRGE_Static_Object@@PAVRGE_Player@@MMM@Z 00420c9e f tm_co_ob.obj
 0001:0001fd4a       ?make_new_master@TRIBE_Master_Combat_Object@@UAEPAVRGE_Master_Static_Object@@XZ 00420d4a f tm_co_ob.obj
 0001:0001fdf0       ??_GTRIBE_Master_Combat_Object@@UAEPAXI@Z 00420df0 f tm_co_ob.obj
 0001:0001fdf0       ??_ETRIBE_Master_Combat_Object@@UAEPAXI@Z 00420df0 f tm_co_ob.obj
 0001:0001fe30       ??0TRIBE_Task_List@@QAE@XZ 00420e30 f tm_co_ob.obj
 0001:0001fea0       ??0TribeSelectTribeScreen@@QAE@XZ 00420ea0 f scr_trb.obj
 0001:000208dd       ??1TribeSelectTribeScreen@@UAE@XZ 004218dd f scr_trb.obj
 0001:00020a98       ?action@TribeSelectTribeScreen@@MAEJPAVTPanel@@JKK@Z 00421a98 f scr_trb.obj
 0001:00020b79       ?fillTribeText@TribeSelectTribeScreen@@IAEXH@Z 00421b79 f scr_trb.obj
 0001:00020d31       ?tribeName@TribeSelectTribeScreen@@IAEPADH@Z 00421d31 f scr_trb.obj
 0001:00020df0       ??_GTribeSelectTribeScreen@@UAEPAXI@Z 00421df0 f scr_trb.obj
 0001:00020df0       ??_ETribeSelectTribeScreen@@UAEPAXI@Z 00421df0 f scr_trb.obj
 0001:00020e30       ??0BaseItem@@QAE@XZ        00421e30 f aibitm.obj
 0001:00020eca       ??0BaseItem@@QAE@HHHPADMMMMMM@Z 00421eca f aibitm.obj
 0001:00020f5e       ??0BaseItem@@QAE@PAV0@@Z   00421f5e f aibitm.obj
 0001:00021010       ??0BaseItem@@QAE@ABV0@@Z   00422010 f aibitm.obj
 0001:000210c2       ??1BaseItem@@UAE@XZ        004220c2 f aibitm.obj
 0001:000210e1       ??8@YAHABVBaseItem@@0@Z    004220e1 f aibitm.obj
 0001:0002113d       ??9@YAHABVBaseItem@@0@Z    0042213d f aibitm.obj
 0001:00021171       ??M@YAHABVBaseItem@@0@Z    00422171 f aibitm.obj
 0001:0002119f       ??O@YAHABVBaseItem@@0@Z    0042219f f aibitm.obj
 0001:000211cd       ?typeID@BaseItem@@QBEHXZ   004221cd f aibitm.obj
 0001:000211e9       ?gameID@BaseItem@@QBEHXZ   004221e9 f aibitm.obj
 0001:00021205       ?uniqueID@BaseItem@@QBEHXZ 00422205 f aibitm.obj
 0001:00021221       ?name@BaseItem@@QAEPADXZ   00422221 f aibitm.obj
 0001:0002123d       ?x@BaseItem@@QBEMXZ        0042223d f aibitm.obj
 0001:00021259       ?y@BaseItem@@QBEMXZ        00422259 f aibitm.obj
 0001:00021275       ?z@BaseItem@@QBEMXZ        00422275 f aibitm.obj
 0001:00021291       ?xSize@BaseItem@@QBEMXZ    00422291 f aibitm.obj
 0001:000212ad       ?ySize@BaseItem@@QBEMXZ    004222ad f aibitm.obj
 0001:000212c9       ?zSize@BaseItem@@QBEMXZ    004222c9 f aibitm.obj
 0001:000212e5       ?skip@BaseItem@@QBEHXZ     004222e5 f aibitm.obj
 0001:00021301       ?setTypeID@BaseItem@@QAEXH@Z 00422301 f aibitm.obj
 0001:00021322       ?setGameID@BaseItem@@QAEXH@Z 00422322 f aibitm.obj
 0001:00021343       ?setUniqueID@BaseItem@@QAEXH@Z 00422343 f aibitm.obj
 0001:00021364       ?setName@BaseItem@@QAEXPAD@Z 00422364 f aibitm.obj
 0001:00021391       ?setX@BaseItem@@QAEXM@Z    00422391 f aibitm.obj
 0001:000213b2       ?setY@BaseItem@@QAEXM@Z    004223b2 f aibitm.obj
 0001:000213d3       ?setZ@BaseItem@@QAEXM@Z    004223d3 f aibitm.obj
 0001:000213f4       ?setXSize@BaseItem@@QAEXM@Z 004223f4 f aibitm.obj
 0001:00021415       ?setYSize@BaseItem@@QAEXM@Z 00422415 f aibitm.obj
 0001:00021436       ?setZSize@BaseItem@@QAEXM@Z 00422436 f aibitm.obj
 0001:00021457       ?setSkip@BaseItem@@QAEXH@Z 00422457 f aibitm.obj
 0001:00021480       ??_GBaseItem@@UAEPAXI@Z    00422480 f aibitm.obj
 0001:00021480       ??_EBaseItem@@UAEPAXI@Z    00422480 f aibitm.obj
 0001:000214c0       ??0RGE_View@@QAE@XZ        004224c0 f view.obj
 0001:00021750       ??1RGE_View@@UAE@XZ        00422750 f view.obj
 0001:0002184a       ?setup@RGE_View@@QAEJPAVTDrawArea@@PAVTPanel@@JJJJEHEPAD@Z 0042284a f view.obj
 0001:00021a16       ?set_rect@RGE_View@@UAEXJJJJ@Z 00422a16 f view.obj
 0001:00021c1b       ?delete_surfaces@RGE_View@@QAEXXZ 00422c1b f view.obj
 0001:00021cc1       ?create_surfaces@RGE_View@@QAEHXZ 00422cc1 f view.obj
 0001:00021f23       ?calc_draw_vars@RGE_View@@IAEXXZ 00422f23 f view.obj
 0001:0002205b       ?set_redraw@RGE_View@@UAEXW4RedrawMode@TPanel@@@Z 0042305b f view.obj
 0001:00022093       ?set_world@RGE_View@@QAEXPAVRGE_Game_World@@@Z 00423093 f view.obj
 0001:000221b4       ?set_player@RGE_View@@QAEXPAVRGE_Player@@@Z 004231b4 f view.obj
 0001:000221ff       ?set_selection_area@RGE_View@@QAEXJJJJ@Z 004231ff f view.obj
 0001:00022247       ?get_selection_area@RGE_View@@QAEHAAJ000H@Z 00423247 f view.obj
 0001:0002245d       ?draw@RGE_View@@UAEXXZ     0042345d f view.obj
 0001:00022f0b       ?update@RGE_View@@IAEXXZ   00423f0b f view.obj
 0001:00023305       ?draw_view@RGE_View@@IAEXEPAVTDrawArea@@@Z 00424305 f view.obj
 0001:000234da       ?draw_object_outline@RGE_View@@IAEXXZ 004244da f view.obj
 0001:000239a1       ?draw_paint_brush@RGE_View@@IAEXXZ 004249a1 f view.obj
 0001:00023c09       ?pick@RGE_View@@QAEEEEJJPAURGE_Pick_Info@@PAVRGE_Static_Object@@@Z 00424c09 f view.obj
 0001:00023cd7       ?pick_multi@RGE_View@@QAEEEJJJJ@Z 00424cd7 f view.obj
 0001:00023d4e       ?pick@RGE_View@@QAEEEEPAUtagPOINT@@0PAPAXPAM2PAF3@Z 00424d4e f view.obj
 0001:00023d92       ?get_tile_screen_coords@RGE_View@@QAEHFFPAF0@Z 00424d92 f view.obj
 0001:00023e0c       ?get_center_screen_pos@RGE_View@@QAEXPAF0@Z 00424e0c f view.obj
 0001:00023e44       ?get_start_coords@RGE_View@@QAEXPAF000@Z 00424e44 f view.obj
 0001:00023ec4       ?get_center_coords@RGE_View@@QAEXPAF000@Z 00424ec4 f view.obj
 0001:00023f44       ?get_tile_sizes@RGE_View@@QAEXPAF000@Z 00424f44 f view.obj
 0001:00023fc4       ?get_max_size@RGE_View@@QAEXPAF0@Z 00424fc4 f view.obj
 0001:00023ffc       ?view_function@RGE_View@@IAEJEEPAUtagPOINT@@0PAPAXPAM2PAF3@Z 00424ffc f view.obj
 0001:000255c4       ?view_function_terrain@RGE_View@@IAEJE@Z 004265c4 f view.obj
 0001:000264eb       ?border_line_draw@RGE_View@@IAEXFFFF@Z 004274eb f view.obj
 0001:00026ac8       ?draw_tile@RGE_View@@IAEHPAURGE_Tile@@EFFFFE@Z 00427ac8 f view.obj
 0001:00027046       ?draw_fog_tile@RGE_View@@IAEHPAURGE_Tile@@FFFF@Z 00428046 f view.obj
 0001:00027842       ?draw_selected_tile@RGE_View@@IAEHPAURGE_Tile@@FFFF@Z 00428842 f view.obj
 0001:00027925       ?get_tile_picture@RGE_View@@IAEFEEFF@Z 00428925 f view.obj
 0001:00027aa0       ?get_border_picture@RGE_View@@IAEFEEEFF@Z 00428aa0 f view.obj
 0001:00027c49       ?hit_tile@RGE_View@@IAEHPAURGE_Tile@@FFFFPAUtagPOINT@@@Z 00428c49 f view.obj
 0001:00027e20       ?hit_object@RGE_View@@IAEPAVRGE_Static_Object@@PAURGE_Tile@@FFFFPAUtagPOINT@@1PAF2PAV2@E@Z 00428e20 f view.obj
 0001:000280da       ?start_scroll_view@RGE_View@@UAEHEJJHH@Z 004290da f view.obj
 0001:0002836b       ?handle_scroll_view@RGE_View@@UAEHJJ@Z 0042936b f view.obj
 0001:00028e17       ?end_scroll_view@RGE_View@@UAEXXZ 00429e17 f view.obj
 0001:00029123       ?do_paint@RGE_View@@UAEHJJJJH@Z 0042a123 f view.obj
 0001:00029476       ?clean_up_map@RGE_View@@UAEXXZ 0042a476 f view.obj
 0001:000294c0       ??_GRGE_View@@UAEPAXI@Z    0042a4c0 f view.obj
 0001:000294c0       ??_ERGE_View@@UAEPAXI@Z    0042a4c0 f view.obj
 0001:00029500       ??_GTSpan_List_Manager@@QAEPAXI@Z 0042a500 f view.obj
 0001:00029540       ??_GTDrawArea@@QAEPAXI@Z   0042a540 f view.obj
 0001:00029580       ?get_game_mode@RGE_Base_Game@@QAEHXZ 0042a580 f view.obj
 0001:000295a0       ?get_sub_game_mode@RGE_Base_Game@@QAEHXZ 0042a5a0 f view.obj
 0001:000295c0       ?get_master_obj_id@RGE_Base_Game@@QAEFXZ 0042a5c0 f view.obj
 0001:000295e0       ?get_brush_size@RGE_Base_Game@@QAEFXZ 0042a5e0 f view.obj
 0001:00029600       ?get_terrain_id@RGE_Base_Game@@QAEFXZ 0042a600 f view.obj
 0001:00029620       ?get_elevation_height@RGE_Base_Game@@QAEFXZ 0042a620 f view.obj
 0001:00029640       ??0RGE_Base_Game@@QAE@PAURGE_Prog_Info@@H@Z 0042a640 f basegame.obj
 0001:00029a79       ?setup@RGE_Base_Game@@MAEHXZ 0042aa79 f basegame.obj
 0001:0002a0f0       ??1RGE_Base_Game@@UAE@XZ   0042b0f0 f basegame.obj
 0001:0002a4d4       ?reset_timings@RGE_Base_Game@@QAEXXZ 0042b4d4 f basegame.obj
 0001:0002a59b       ?get_error_code@RGE_Base_Game@@UAEHXZ 0042b59b f basegame.obj
 0001:0002a5b7       ?get_string@RGE_Base_Game@@UAEPADJPADH@Z 0042b5b7 f basegame.obj
 0001:0002a603       ?get_string@RGE_Base_Game@@UAEPADHJPADH@Z 0042b603 f basegame.obj
 0001:0002a638       ?get_string2@RGE_Base_Game@@UAEPADHJJPADH@Z 0042b638 f basegame.obj
 0001:0002a78b       ?get_scenario_info@RGE_Base_Game@@QAEPAVRGE_Scenario@@PADH@Z 0042b78b f basegame.obj
 0001:0002a96e       ?get_scenario_header@RGE_Base_Game@@QAEPAVRGE_Scenario_Header@@PADH@Z 0042b96e f basegame.obj
 0001:0002aa80       ?write_scenario_header@RGE_Base_Game@@QAEXH@Z 0042ba80 f basegame.obj
 0001:0002ab0f       ?new_scenario_header@RGE_Base_Game@@UAEPAVRGE_Scenario_Header@@H@Z 0042bb0f f basegame.obj
 0001:0002aba6       ?new_scenario_header@RGE_Base_Game@@UAEPAVRGE_Scenario_Header@@PAVRGE_Scenario@@@Z 0042bba6 f basegame.obj
 0001:0002ac3d       ?new_scenario_info@RGE_Base_Game@@UAEPAVRGE_Scenario@@H@Z 0042bc3d f basegame.obj
 0001:0002acd9       ?get_campaign_info@RGE_Base_Game@@QAEXAAJ00@Z 0042bcd9 f basegame.obj
 0001:0002ad21       ?set_campaign_info@RGE_Base_Game@@QAEXJJJ@Z 0042bd21 f basegame.obj
 0001:0002ad66       ?set_campaign_win@RGE_Base_Game@@QAEXXZ 0042bd66 f basegame.obj
 0001:0002ad87       ?run@RGE_Base_Game@@UAEHXZ 0042bd87 f basegame.obj
 0001:0002ae0f       ?setup_cmd_options@RGE_Base_Game@@MAEHXZ 0042be0f f basegame.obj
 0001:0002bdb8       ?setup_class@RGE_Base_Game@@MAEHXZ 0042cdb8 f basegame.obj
 0001:0002bf0c       ?setup_main_window@RGE_Base_Game@@MAEHXZ 0042cf0c f basegame.obj
 0001:0002c179       ?setup_graphics_system@RGE_Base_Game@@MAEHXZ 0042d179 f basegame.obj
 0001:0002c30f       ?setup_palette@RGE_Base_Game@@MAEHXZ 0042d30f f basegame.obj
 0001:0002c35f       ?setup_mouse@RGE_Base_Game@@MAEHXZ 0042d35f f basegame.obj
 0001:0002c44e       ?setup_chat@RGE_Base_Game@@MAEHXZ 0042d44e f basegame.obj
 0001:0002c50d       ?setup_registry@RGE_Base_Game@@MAEHXZ 0042d50d f basegame.obj
 0001:0002c5d0       ?setup_debugging_log@RGE_Base_Game@@MAEHXZ 0042d5d0 f basegame.obj
 0001:0002c6a6       ?setup_comm@RGE_Base_Game@@MAEHXZ 0042d6a6 f basegame.obj
 0001:0002c811       ?reset_comm@RGE_Base_Game@@UAEHXZ 0042d811 f basegame.obj
 0001:0002c87b       ?setup_sound_system@RGE_Base_Game@@MAEHXZ 0042d87b f basegame.obj
 0001:0002ca0b       ?setup_sounds@RGE_Base_Game@@MAEHXZ 0042da0b f basegame.obj
 0001:0002cb7d       ?setup_fonts@RGE_Base_Game@@MAEHXZ 0042db7d f basegame.obj
 0001:0002ce80       ?setup_blank_screen@RGE_Base_Game@@MAEHXZ 0042de80 f basegame.obj
 0001:0002cf7a       ?setup_timings@RGE_Base_Game@@MAEXXZ 0042df7a f basegame.obj
 0001:0002cfd1       ?stop_sound_system@RGE_Base_Game@@MAEXXZ 0042dfd1 f basegame.obj
 0001:0002d14d       ?restart_sound_system@RGE_Base_Game@@MAEHXZ 0042e14d f basegame.obj
 0001:0002d204       ?make_font@RGE_Base_Game@@IAEPAXPAXPADHH@Z 0042e204 f basegame.obj
 0001:0002d29f       ?check_expiration@RGE_Base_Game@@IAEHXZ 0042e29f f basegame.obj
 0001:0002d329       ?check_multi_copies@RGE_Base_Game@@IAEHXZ 0042e329 f basegame.obj
 0001:0002d41b       ?check_paint@RGE_Base_Game@@IAEHXZ 0042e41b f basegame.obj
 0001:0002d55e       ?clear_window@RGE_Base_Game@@IAEXXZ 0042e55e f basegame.obj
 0001:0002d5d0       ?create_world@RGE_Base_Game@@MAEPAVRGE_Game_World@@XZ 0042e5d0 f basegame.obj
 0001:0002d664       ?close@RGE_Base_Game@@QAEXXZ 0042e664 f basegame.obj
 0001:0002d68d       ?create_dialog@RGE_Base_Game@@QAEHPAPAVTPanel@@PAV2@@Z 0042e68d f basegame.obj
 0001:0002d70a       ?delete_dialog@RGE_Base_Game@@QAEXPAPAVTPanel@@@Z 0042e70a f basegame.obj
 0001:0002d760       ?set_game_mode@RGE_Base_Game@@UAEXHH@Z 0042e760 f basegame.obj
 0001:0002d78d       ?set_player@RGE_Base_Game@@UAEXF@Z 0042e78d f basegame.obj
 0001:0002d7df       ?get_paused@RGE_Base_Game@@QAEHXZ 0042e7df f basegame.obj
 0001:0002d81d       ?request_pause@RGE_Base_Game@@QAEXXZ 0042e81d f basegame.obj
 0001:0002d85b       ?set_paused@RGE_Base_Game@@QAEXH@Z 0042e85b f basegame.obj
 0001:0002d88c       ?get_mouse_info@RGE_Base_Game@@QAEXIJAAUtagPOINT@@AAH111@Z 0042e88c f basegame.obj
 0001:0002d920       ?get_mouse_pos@RGE_Base_Game@@QAEXAAUtagPOINT@@@Z 0042e920 f basegame.obj
 0001:0002d998       ?get_player@RGE_Base_Game@@QAEPAVRGE_Player@@XZ 0042e998 f basegame.obj
 0001:0002da26       ?draw_window@RGE_Base_Game@@QAEXXZ 0042ea26 f basegame.obj
 0001:0002da49       ?mouse_on@RGE_Base_Game@@QAEXXZ 0042ea49 f basegame.obj
 0001:0002da6d       ?mouse_off@RGE_Base_Game@@QAEXXZ 0042ea6d f basegame.obj
 0001:0002da91       ?set_mouse_facet@RGE_Base_Game@@QAEXJ@Z 0042ea91 f basegame.obj
 0001:0002dabb       ?wnd_proc@RGE_Base_Game@@UAGJPAXIIJ@Z 0042eabb f basegame.obj
 0001:0002dfda       ?handle_idle@RGE_Base_Game@@MAEHXZ 0042efda f basegame.obj
 0001:0002e0a4       ?handle_mouse_move@RGE_Base_Game@@MAEHPAXIIJ@Z 0042f0a4 f basegame.obj
 0001:0002e168       ?handle_key_down@RGE_Base_Game@@MAEHPAXIIJ@Z 0042f168 f basegame.obj
 0001:0002e250       ?handle_user_command@RGE_Base_Game@@MAEHPAXIIJ@Z 0042f250 f basegame.obj
 0001:0002e34b       ?handle_command@RGE_Base_Game@@MAEHPAXIIJ@Z 0042f34b f basegame.obj
 0001:0002e38d       ?handle_music_done@RGE_Base_Game@@MAEHPAXIIJ@Z 0042f38d f basegame.obj
 0001:0002e3c7       ?handle_paint@RGE_Base_Game@@MAEHPAXIIJ@Z 0042f3c7 f basegame.obj
 0001:0002e6c5       ?handle_activate@RGE_Base_Game@@MAEHPAXIIJ@Z 0042f6c5 f basegame.obj
 0001:0002e784       ?handle_init_menu@RGE_Base_Game@@MAEHPAXIIJ@Z 0042f784 f basegame.obj
 0001:0002e7be       ?handle_exit_menu@RGE_Base_Game@@MAEHPAXIIJ@Z 0042f7be f basegame.obj
 0001:0002e7f8       ?handle_size@RGE_Base_Game@@MAEHPAXIIJ@Z 0042f7f8 f basegame.obj
 0001:0002e8f0       ?handle_palette_changed@RGE_Base_Game@@MAEHPAXIIJ@Z 0042f8f0 f basegame.obj
 0001:0002e95f       ?handle_query_new_palette@RGE_Base_Game@@MAEHPAXIIJ@Z 0042f95f f basegame.obj
 0001:0002ea64       ?handle_close@RGE_Base_Game@@MAEHPAXIIJ@Z 0042fa64 f basegame.obj
 0001:0002ead4       ?handle_destroy@RGE_Base_Game@@MAEHPAXIIJ@Z 0042fad4 f basegame.obj
 0001:0002eb29       ?calc_timings@RGE_Base_Game@@MAEXXZ 0042fb29 f basegame.obj
 0001:0002eda9       ?calc_timing_text@RGE_Base_Game@@MAEXXZ 0042fda9 f basegame.obj
 0001:0002ee70       ?show_timings@RGE_Base_Game@@MAEXXZ 0042fe70 f basegame.obj
 0001:0002ee9c       ?show_comm@RGE_Base_Game@@MAEXXZ 0042fe9c f basegame.obj
 0001:0002eef4       ?show_ai@RGE_Base_Game@@MAEXXZ 0042fef4 f basegame.obj
 0001:0002ef4c       ?send_game_options@RGE_Base_Game@@UAEXXZ 0042ff4c f basegame.obj
 0001:0002ef88       ?receive_game_options@RGE_Base_Game@@UAEXXZ 0042ff88 f basegame.obj
 0001:0002efe7       ?set_game_options@RGE_Base_Game@@QAEXPAURGE_Game_Options@1@@Z 0042ffe7 f basegame.obj
 0001:0002f0f6       ?get_game_options@RGE_Base_Game@@QAEXPAURGE_Game_Options@1@@Z 004300f6 f basegame.obj
 0001:0002f210       ?scenarioGame@RGE_Base_Game@@QBEHXZ 00430210 f basegame.obj
 0001:0002f22f       ?randomGame@RGE_Base_Game@@QBEHXZ 0043022f f basegame.obj
 0001:0002f261       ?campaignGame@RGE_Base_Game@@QBEHXZ 00430261 f basegame.obj
 0001:0002f280       ?scenarioName@RGE_Base_Game@@QAEPADXZ 00430280 f basegame.obj
 0001:0002f29e       ?singlePlayerGame@RGE_Base_Game@@QBEHXZ 0043029e f basegame.obj
 0001:0002f2bd       ?multiplayerGame@RGE_Base_Game@@QBEHXZ 004302bd f basegame.obj
 0001:0002f2dc       ?mapXSize@RGE_Base_Game@@QBEHXZ 004302dc f basegame.obj
 0001:0002f2fb       ?mapYSize@RGE_Base_Game@@QBEHXZ 004302fb f basegame.obj
 0001:0002f31a       ?mapZSize@RGE_Base_Game@@QBEHXZ 0043031a f basegame.obj
 0001:0002f339       ?allowCheatCodes@RGE_Base_Game@@QBEHXZ 00430339 f basegame.obj
 0001:0002f37b       ?annoyCheaters@RGE_Base_Game@@QBEHXZ 0043037b f basegame.obj
 0001:0002f39a       ?cheatNotification@RGE_Base_Game@@QBEHXZ 0043039a f basegame.obj
 0001:0002f3b9       ?fullVisibility@RGE_Base_Game@@QBEHXZ 004303b9 f basegame.obj
 0001:0002f3fb       ?fogOfWar@RGE_Base_Game@@QBEHXZ 004303fb f basegame.obj
 0001:0002f431       ?coloredChat@RGE_Base_Game@@QBEHXZ 00430431 f basegame.obj
 0001:0002f450       ?gameDeveloperMode@RGE_Base_Game@@QBEHXZ 00430450 f basegame.obj
 0001:0002f46f       ?numberPlayers@RGE_Base_Game@@QBEHXZ 0043046f f basegame.obj
 0001:0002f48e       ?gameSummary@RGE_Base_Game@@UAEPADXZ 0043048e f basegame.obj
 0001:0002f682       ?setScenarioGame@RGE_Base_Game@@QAEXH@Z 00430682 f basegame.obj
 0001:0002f6a6       ?setScenarioName@RGE_Base_Game@@QAEXPAD@Z 004306a6 f basegame.obj
 0001:0002f6d8       ?setCampaignGame@RGE_Base_Game@@QAEXH@Z 004306d8 f basegame.obj
 0001:0002f6fc       ?setSinglePlayerGame@RGE_Base_Game@@QAEXH@Z 004306fc f basegame.obj
 0001:0002f749       ?setMultiplayerGame@RGE_Base_Game@@QAEXH@Z 00430749 f basegame.obj
 0001:0002f796       ?setMapSize@RGE_Base_Game@@QAEXHHH@Z 00430796 f basegame.obj
 0001:0002f7d2       ?setAllowCheatCodes@RGE_Base_Game@@QAEXH@Z 004307d2 f basegame.obj
 0001:0002f7f6       ?setAnnoyCheaters@RGE_Base_Game@@QAEXH@Z 004307f6 f basegame.obj
 0001:0002f81a       ?setCheatNotification@RGE_Base_Game@@QAEXH@Z 0043081a f basegame.obj
 0001:0002f83e       ?setFullVisibility@RGE_Base_Game@@QAEXH@Z 0043083e f basegame.obj
 0001:0002f862       ?setFogOfWar@RGE_Base_Game@@QAEXH@Z 00430862 f basegame.obj
 0001:0002f886       ?setColoredChat@RGE_Base_Game@@QAEXH@Z 00430886 f basegame.obj
 0001:0002f8aa       ?setNumberPlayers@RGE_Base_Game@@QAEXH@Z 004308aa f basegame.obj
 0001:0002f8ce       ?setGameDeveloperMode@RGE_Base_Game@@QAEXH@Z 004308ce f basegame.obj
 0001:0002f8f2       ?set_map_visible@RGE_Base_Game@@QAEXE@Z 004308f2 f basegame.obj
 0001:0002f92c       ?set_map_fog@RGE_Base_Game@@QAEXE@Z 0043092c f basegame.obj
 0001:0002f966       ?turn_world_sound_off@RGE_Base_Game@@QAEXXZ 00430966 f basegame.obj
 0001:0002f996       ?campaign_open_scenario@RGE_Base_Game@@QAEHXZ 00430996 f basegame.obj
 0001:0002f9b7       ?GetChecksum@RGE_Base_Game@@QAEJXZ 004309b7 f basegame.obj
 0001:0002fa10       ?set_prog_mode@RGE_Base_Game@@UAEXH@Z 00430a10 f basegame.obj
 0001:0002fa40       ?get_view_panel@RGE_Base_Game@@UAEPAVTPanel@@XZ 00430a40 f basegame.obj
 0001:0002fa60       ?notification@RGE_Base_Game@@UAEXHJJ@Z 00430a60 f basegame.obj
 0001:0002fa80       ?handle_message@RGE_Base_Game@@MAEHPAUtagMSG@@@Z 00430a80 f basegame.obj
 0001:0002faa0       ?action_update@RGE_Base_Game@@MAEHXZ 00430aa0 f basegame.obj
 0001:0002fac0       ?action_mouse_move@RGE_Base_Game@@MAEHJJHHHH@Z 00430ac0 f basegame.obj
 0001:0002fae0       ?action_key_down@RGE_Base_Game@@MAEHKHHHH@Z 00430ae0 f basegame.obj
 0001:0002fb00       ?action_user_command@RGE_Base_Game@@MAEHKK@Z 00430b00 f basegame.obj
 0001:0002fb20       ?action_command@RGE_Base_Game@@MAEHKK@Z 00430b20 f basegame.obj
 0001:0002fb40       ?action_music_done@RGE_Base_Game@@MAEHXZ 00430b40 f basegame.obj
 0001:0002fb60       ?action_activate@RGE_Base_Game@@MAEHXZ 00430b60 f basegame.obj
 0001:0002fb80       ?action_deactivate@RGE_Base_Game@@MAEHXZ 00430b80 f basegame.obj
 0001:0002fba0       ?action_init_menu@RGE_Base_Game@@MAEHXZ 00430ba0 f basegame.obj
 0001:0002fbc0       ?action_exit_menu@RGE_Base_Game@@MAEHXZ 00430bc0 f basegame.obj
 0001:0002fbe0       ?action_size@RGE_Base_Game@@MAEHXZ 00430be0 f basegame.obj
 0001:0002fc00       ?action_close@RGE_Base_Game@@MAEHXZ 00430c00 f basegame.obj
 0001:0002fc20       ??_GRGE_Base_Game@@UAEPAXI@Z 00430c20 f basegame.obj
 0001:0002fc20       ??_ERGE_Base_Game@@UAEPAXI@Z 00430c20 f basegame.obj
 0001:0002fc60       ??_GRGE_Game_Info@@QAEPAXI@Z 00430c60 f basegame.obj
 0001:0002fca0       ??_GTMousePointer@@QAEPAXI@Z 00430ca0 f basegame.obj
 0001:0002fce0       ??_GTRegistry@@QAEPAXI@Z   00430ce0 f basegame.obj
 0001:0002fd20       ??_GTCommunications_Handler@@QAEPAXI@Z 00430d20 f basegame.obj
 0001:0002fd60       ??_GTChat@@QAEPAXI@Z       00430d60 f basegame.obj
 0001:0002fda0       ??_GTDrawSystem@@QAEPAXI@Z 00430da0 f basegame.obj
 0001:0002fde0       ??_GRGE_Scenario_Header@@QAEPAXI@Z 00430de0 f basegame.obj
 0001:0002fe20       ?get_track_count@TMusic_System@@QAEHXZ 00430e20 f basegame.obj
 0001:0002fe40       ?set_render_all@RGE_Base_Game@@QAEXXZ 00430e40 f basegame.obj
 0001:0002fe70       ??_GTDigital@@QAEPAXI@Z    00430e70 f basegame.obj
 0001:0002feb0       ??_GTMusic_System@@QAEPAXI@Z 00430eb0 f basegame.obj
 0001:0002fef0       ??_GTSound_Driver@@QAEPAXI@Z 00430ef0 f basegame.obj
 0001:0002ff30       ?get_error_code@TPanel@@QAEHXZ 00430f30 f basegame.obj
 0001:0002ff50       ?get_prog_mode@RGE_Base_Game@@QAEHXZ 00430f50 f basegame.obj
 0001:0002ff70       ??0RGE_Action_Combat@@QAE@HPAVRGE_Action_Object@@@Z 00430f70 f ACT_comb.obj
 0001:0002fff4       ??0RGE_Action_Combat@@QAE@PAVRGE_Action_Object@@PAVRGE_Task@@PAVRGE_Static_Object@@@Z 00430ff4 f ACT_comb.obj
 0001:00030089       ??0RGE_Action_Combat@@QAE@PAVRGE_Action_Object@@PAVRGE_Task@@MMM@Z 00431089 f ACT_comb.obj
 0001:0003012d       ?first_in_stack@RGE_Action_Combat@@UAEXE@Z 0043112d f ACT_comb.obj
 0001:000301d0       ?set_state@RGE_Action_Combat@@MAEXE@Z 004311d0 f ACT_comb.obj
 0001:0003049e       ?update@RGE_Action_Combat@@UAEEXZ 0043149e f ACT_comb.obj
 0001:000307ee       ?stop@RGE_Action_Combat@@UAEHXZ 004317ee f ACT_comb.obj
 0001:00030816       ?move_to@RGE_Action_Combat@@UAEHPAVRGE_Static_Object@@MMM@Z 00431816 f ACT_comb.obj
 0001:00030868       ?work@RGE_Action_Combat@@UAEHPAVRGE_Static_Object@@MMM@Z 00431868 f ACT_comb.obj
 0001:0003090f       ?attack_response@RGE_Action_Combat@@MAEEPAVRGE_Static_Object@@@Z 0043190f f ACT_comb.obj
 0001:0003096e       ?relation_response@RGE_Action_Combat@@MAEEJE@Z 0043196e f ACT_comb.obj
 0001:00030ab0       ??_ERGE_Action_Combat@@UAEPAXI@Z 00431ab0 f ACT_comb.obj
 0001:00030ab0       ??_GRGE_Action_Combat@@UAEPAXI@Z 00431ab0 f ACT_comb.obj
 0001:00030af0       ??1RGE_Action_Combat@@UAE@XZ 00431af0 f ACT_comb.obj
 0001:00030b50       ??0TEditPanel@@QAE@XZ      00431b50 f pnl_edit.obj
 0001:00030c61       ??1TEditPanel@@UAE@XZ      00431c61 f pnl_edit.obj
 0001:00030d6e       ?setup@TEditPanel@@QAEJPAVTDrawArea@@PAVTPanel@@JJJJPAXHEHEFPADW4AlignType@1@W4FormatType@1@HHH@Z 00431d6e f pnl_edit.obj
 0001:00031099       ?set_text@TEditPanel@@QAEXPAD@Z 00432099 f pnl_edit.obj
 0001:00031130       ?get_text@TEditPanel@@QAEPADXZ 00432130 f pnl_edit.obj
 0001:000311a4       ?set_active@TEditPanel@@UAEXH@Z 004321a4 f pnl_edit.obj
 0001:00031204       ?set_focus@TEditPanel@@UAEXH@Z 00432204 f pnl_edit.obj
 0001:000312a9       ?set_rect@TEditPanel@@UAEXJJJJ@Z 004322a9 f pnl_edit.obj
 0001:00031351       ?set_redraw@TEditPanel@@UAEXW4RedrawMode@TPanel@@@Z 00432351 f pnl_edit.obj
 0001:000313a1       ?wnd_proc@TEditPanel@@UAEJPAXIIJ@Z 004323a1 f pnl_edit.obj
 0001:00031543       ?sub_wnd_proc@TEditPanel@@QAEJPAXIIJ@Z 00432543 f pnl_edit.obj
 0001:00031697       ?draw@TEditPanel@@UAEXXZ   00432697 f pnl_edit.obj
 0001:000317a0       ?paint@TEditPanel@@UAEXXZ  004327a0 f pnl_edit.obj
 0001:000317c0       ??_GTEditPanel@@UAEPAXI@Z  004327c0 f pnl_edit.obj
 0001:000317c0       ??_ETEditPanel@@UAEPAXI@Z  004327c0 f pnl_edit.obj
 0001:00031800       ??0TRIBE_Panel_Object@@QAE@PAVTDrawArea@@PAVTPanel@@PAXJJPAVTShape@@PAPAV3@PAVTRIBE_Player@@@Z 00432800 f tpnl_obj.obj
 0001:00031abd       ??1TRIBE_Panel_Object@@UAE@XZ 00432abd f tpnl_obj.obj
 0001:00031b6d       ?set_player@TRIBE_Panel_Object@@QAEXPAVTRIBE_Player@@@Z 00432b6d f tpnl_obj.obj
 0001:00031bc5       ?set_object@TRIBE_Panel_Object@@QAEXPAVRGE_Static_Object@@@Z 00432bc5 f tpnl_obj.obj
 0001:00031bfe       ?draw@TRIBE_Panel_Object@@UAEXXZ 00432bfe f tpnl_obj.obj
 0001:00033681       ?handle_idle@TRIBE_Panel_Object@@UAEJXZ 00434681 f tpnl_obj.obj
 0001:00033ce4       ?save_object_info@TRIBE_Panel_Object@@AAEXXZ 00434ce4 f tpnl_obj.obj
 0001:00033ed0       ??_GTRIBE_Panel_Object@@UAEPAXI@Z 00434ed0 f tpnl_obj.obj
 0001:00033ed0       ??_ETRIBE_Panel_Object@@UAEPAXI@Z 00434ed0 f tpnl_obj.obj
 0001:00033f10       ?get_show_object_id@TRIBE_Game@@QAEHXZ 00434f10 f tpnl_obj.obj
 0001:00033f30       ??0TButtonPanel@@QAE@XZ    00434f30 f Pnl_btn.obj
 0001:0003416e       ??1TButtonPanel@@UAE@XZ    0043516e f Pnl_btn.obj
 0001:000342a2       ?setup@TButtonPanel@@QAEJPAVTDrawArea@@PAVTPanel@@JJJJW4DrawType@1@PAVTDigital@@W4NotifyType@1@J@Z 004352a2 f Pnl_btn.obj
 0001:00034315       ?buttonType@TButtonPanel@@QBE?AW4ButtonType@1@XZ 00435315 f Pnl_btn.obj
 0001:00034334       ?drawType@TButtonPanel@@QBE?AW4DrawType@1@XZ 00435334 f Pnl_btn.obj
 0001:00034353       ?notifyType@TButtonPanel@@QBE?AW4NotifyType@1@XZ 00435353 f Pnl_btn.obj
 0001:00034372       ?setDrawType@TButtonPanel@@QAEXW4DrawType@1@@Z 00435372 f Pnl_btn.obj
 0001:00034396       ?setButtonType@TButtonPanel@@QAEXW4ButtonType@1@@Z 00435396 f Pnl_btn.obj
 0001:000343ba       ?set_picture_info@TButtonPanel@@QAEXPAVTShape@@FJJH@Z 004353ba f Pnl_btn.obj
 0001:00034408       ?set_text_info@TButtonPanel@@QAEXPADPAXJJJJ@Z 00435408 f Pnl_btn.obj
 0001:00034452       ?set_text_info@TButtonPanel@@QAEXJPAXJJJJ@Z 00435452 f Pnl_btn.obj
 0001:0003449c       ?set_text_pos@TButtonPanel@@QAEXJJ@Z 0043549c f Pnl_btn.obj
 0001:000344d9       ?set_radio_info@TButtonPanel@@QAEXPAPAV1@F@Z 004354d9 f Pnl_btn.obj
 0001:000345a2       ?set_state_info@TButtonPanel@@QAEXF@Z 004355a2 f Pnl_btn.obj
 0001:000345d5       ?set_id@TButtonPanel@@QAEXFJJ@Z 004355d5 f Pnl_btn.obj
 0001:0003460f       ?set_picture@TButtonPanel@@QAEXFPAVTShape@@F@Z 0043560f f Pnl_btn.obj
 0001:00034658       ?set_text@TButtonPanel@@QAEXFPAD@Z 00435658 f Pnl_btn.obj
 0001:00034817       ?set_text@TButtonPanel@@QAEXFPAD0@Z 00435817 f Pnl_btn.obj
 0001:00034994       ?set_text@TButtonPanel@@QAEXFJ@Z 00435994 f Pnl_btn.obj
 0001:00034a06       ?set_text@TButtonPanel@@QAEXFJJ@Z 00435a06 f Pnl_btn.obj
 0001:00034ac0       ?set_font@TButtonPanel@@QAEXPAXJJ@Z 00435ac0 f Pnl_btn.obj
 0001:00034b09       ?set_text_color@TButtonPanel@@QAEXHKK@Z 00435b09 f Pnl_btn.obj
 0001:00034b67       ?set_highlight_text_color@TButtonPanel@@QAEXHKK@Z 00435b67 f Pnl_btn.obj
 0001:00034bc5       ?set_sound@TButtonPanel@@QAEXPAVTDigital@@@Z 00435bc5 f Pnl_btn.obj
 0001:00034be9       ?set_radio_button@TButtonPanel@@QAEXXZ 00435be9 f Pnl_btn.obj
 0001:00034ca4       ?set_state@TButtonPanel@@UAEXF@Z 00435ca4 f Pnl_btn.obj
 0001:00034cd7       ?get_state@TButtonPanel@@QAEHXZ 00435cd7 f Pnl_btn.obj
 0001:00034cf7       ?get_id@TButtonPanel@@QAEJXZ 00435cf7 f Pnl_btn.obj
 0001:00034d21       ?get_id2@TButtonPanel@@QAEJXZ 00435d21 f Pnl_btn.obj
 0001:00034d4b       ?get_text@TButtonPanel@@QAEHFPAPAD0@Z 00435d4b f Pnl_btn.obj
 0001:00034da1       ?draw@TButtonPanel@@UAEXXZ 00435da1 f Pnl_btn.obj
 0001:000355d8       ?handle_mouse_down@TButtonPanel@@UAEJEJJHH@Z 004365d8 f Pnl_btn.obj
 0001:00035659       ?mouse_left_dbl_click_action@TButtonPanel@@UAEJJJHH@Z 00436659 f Pnl_btn.obj
 0001:00035673       ?mouse_left_down_action@TButtonPanel@@UAEJJJHH@Z 00436673 f Pnl_btn.obj
 0001:00035754       ?mouse_left_move_action@TButtonPanel@@UAEJJJHH@Z 00436754 f Pnl_btn.obj
 0001:0003589d       ?mouse_left_up_action@TButtonPanel@@UAEJJJHH@Z 0043689d f Pnl_btn.obj
 0001:0003594a       ?handle_key_down@TButtonPanel@@UAEJJFHHH@Z 0043694a f Pnl_btn.obj
 0001:000359ff       ?key_down_action@TButtonPanel@@UAEJJFHHH@Z 004369ff f Pnl_btn.obj
 0001:00035b5f       ?char_action@TButtonPanel@@UAEJJF@Z 00436b5f f Pnl_btn.obj
 0001:00035b79       ?hit_button@TButtonPanel@@UAEHJJ@Z 00436b79 f Pnl_btn.obj
 0001:00035c5b       ?do_action@TButtonPanel@@QAEXXZ 00436c5b f Pnl_btn.obj
 0001:00035e20       ??_GTButtonPanel@@UAEPAXI@Z 00436e20 f Pnl_btn.obj
 0001:00035e20       ??_ETButtonPanel@@UAEPAXI@Z 00436e20 f Pnl_btn.obj
 0001:00035e60       ??0TPicture@@QAE@PADHPAXH@Z 00436e60 f Picture.obj
 0001:00035e93       ??0TPicture@@QAE@XZ        00436e93 f Picture.obj
 0001:00035efa       ??1TPicture@@QAE@XZ        00436efa f Picture.obj
 0001:00035f75       ?Load@TPicture@@QAEXPADHPAXH@Z 00436f75 f Picture.obj
 0001:000361ac       ?Init@TPicture@@QAEXPAUBITMAPINFO256@@PAEPAUTRANSINFO@@@Z 004371ac f Picture.obj
 0001:00036243       ?AlignedWidth@TPicture@@QAEJXZ 00437243 f Picture.obj
 0001:00036265       ?Draw@TPicture@@QAEXPAVTDrawArea@@JJHH@Z 00437265 f Picture.obj
 0001:00036350       ?Tile@TPicture@@QAEJPAVTDrawArea@@JJJJJJJJJJ@Z 00437350 f Picture.obj
 0001:000363d1       ?GetPixel@TPicture@@QAEEJJHH@Z 004373d1 f Picture.obj
 0001:00036520       ??0TRIBE_Action_Artifact@@QAE@HPAVRGE_Action_Object@@@Z 00437520 f tact_art.obj
 0001:000365a4       ??0TRIBE_Action_Artifact@@QAE@PAVRGE_Action_Object@@PAVRGE_Task@@PAVRGE_Static_Object@@@Z 004375a4 f tact_art.obj
 0001:00036636       ??0TRIBE_Action_Artifact@@QAE@PAVRGE_Action_Object@@PAVRGE_Task@@MMM@Z 00437636 f tact_art.obj
 0001:000366da       ?first_in_stack@TRIBE_Action_Artifact@@UAEXE@Z 004376da f tact_art.obj
 0001:0003676b       ?set_state@TRIBE_Action_Artifact@@MAEXE@Z 0043776b f tact_art.obj
 0001:00036987       ?update@TRIBE_Action_Artifact@@UAEEXZ 00437987 f tact_art.obj
 0001:00036b64       ?check_ownership@TRIBE_Action_Artifact@@IAEPAVRGE_Player@@XZ 00437b64 f tact_art.obj
 0001:00036e61       ?stop@TRIBE_Action_Artifact@@MAEHXZ 00437e61 f tact_art.obj
 0001:00036e89       ?move_to@TRIBE_Action_Artifact@@MAEHPAVRGE_Static_Object@@MMM@Z 00437e89 f tact_art.obj
 0001:00036ece       ?work@TRIBE_Action_Artifact@@MAEHPAVRGE_Static_Object@@MMM@Z 00437ece f tact_art.obj
 0001:00036f38       ?reset_owner@TRIBE_Action_Artifact@@QAEXXZ 00437f38 f tact_art.obj
 0001:00036f60       ??_GTRIBE_Action_Artifact@@UAEPAXI@Z 00437f60 f tact_art.obj
 0001:00036f60       ??_ETRIBE_Action_Artifact@@UAEPAXI@Z 00437f60 f tact_art.obj
 0001:00036fa0       ??1TRIBE_Action_Artifact@@UAE@XZ 00437fa0 f tact_art.obj
 0001:00037000       ??0TRIBE_Map@@QAE@HPAPAVRGE_Sound@@E@Z 00438000 f tmap.obj
 0001:000370fc       ??0TRIBE_Map@@QAE@PAD000FFFPAPAVRGE_Sound@@@Z 004380fc f tmap.obj
 0001:0003722c       ??1TRIBE_Map@@UAE@XZ       0043822c f tmap.obj
 0001:00037294       ?save@TRIBE_Map@@UAEXH@Z   00438294 f tmap.obj
 0001:000372b8       ?map_generate@TRIBE_Map@@UAEXPAVRGE_Player@@PAVRGE_Game_World@@PAURGE_Player_Info@@PAE@Z 004382b8 f tmap.obj
 0001:00037330       ?map_generate@TRIBE_Map@@QAEXPAURGE_Player_Info@@@Z 00438330 f tmap.obj
 0001:0003750c       ?check_tile_for_forest_change@TRIBE_Map@@QAEXFFPAVRGE_Game_World@@@Z 0043850c f tmap.obj
 0001:000377d9       ?change_terrain@TRIBE_Map@@QAEXFFEPAVRGE_Game_World@@@Z 004387d9 f tmap.obj
 0001:00037a10       ??_GTRIBE_Map@@UAEPAXI@Z   00438a10 f tmap.obj
 0001:00037a10       ??_ETRIBE_Map@@UAEPAXI@Z   00438a10 f tmap.obj
 0001:00037a50       ??_GControlerOfLandscape@@QAEPAXI@Z 00438a50 f tmap.obj
 0001:00037a90       ?get_new_random_map@RGE_Base_Game@@QAEHXZ 00438a90 f tmap.obj
 0001:00037ab0       ??0RGE_Diamond_Map@@QAE@XZ 00438ab0 f diam_map.obj
 0001:00037ca7       ??1RGE_Diamond_Map@@UAE@XZ 00438ca7 f diam_map.obj
 0001:00037d75       ?setup@RGE_Diamond_Map@@QAEJPAVTDrawArea@@PAVTPanel@@JJJJEH@Z 00438d75 f diam_map.obj
 0001:00037db6       ?set_bitmap@RGE_Diamond_Map@@QAEHPAD@Z 00438db6 f diam_map.obj
 0001:00038146       ?set_world@RGE_Diamond_Map@@QAEXPAVRGE_Game_World@@@Z 00439146 f diam_map.obj
 0001:000388db       ?set_player@RGE_Diamond_Map@@QAEXPAVRGE_Player@@@Z 004398db f diam_map.obj
 0001:0003890c       ?set_redraw@RGE_Diamond_Map@@UAEXW4RedrawMode@TPanel@@@Z 0043990c f diam_map.obj
 0001:00038947       ?delete_surfaces@RGE_Diamond_Map@@QAEXXZ 00439947 f diam_map.obj
 0001:000389a5       ?create_surfaces@RGE_Diamond_Map@@QAEHXZ 004399a5 f diam_map.obj
[...]
FIXUPS: d3184 15 15 15 15 15 2f81 2f 16 2b 34 16 2b 3b 1d 1e 47 55 14 56
FIXUPS: d63e3 7d 13 ffffc380 12 15 15 15 15 15 15 15 15 15 15 15 12 15
FIXUPS: d5d82 26 f 16 19 1d 27 f 35 2a 27 3b 1f e 35 1e 1d 1f 1f 21 27
FIXUPS: d603f 21 27 11 16 26 11 16 26 11 16 fffff695 26 2a 43 24 12 24
FIXUPS: d58dc 24 12 29 24 29 24 29 3d 2e 48 2e 56 20 8b 26 f 16 19 1d 27
FIXUPS: d5c6e 38 2a 27 fffff148 16 26 2a 1b d 2a 1b 1b 1b 3b 49 48 46 46
FIXUPS: d50eb 2b 54 2b 164 1b d5 27 16 57 27 16 268 17 a 36 3a 7a60 ffff778a
FIXUPS: d49a3 10 1e d 62 15 12 c 39 40 3c 51 15 1c 22 17 49 26 27 16 e
FIXUPS: d4d1f 1e 3b 22 28 16 22 19 16 58a5 90 c5 20 14c caa 123 21 10 8d
FIXUPS: db83b 10 284 aa 7a7 10 10 10 10 10 10 10 441 12 12 12 12 8a 5c9
FIXUPS: dcfba 14e f8 ffffc441 13 13 4a 5d a2 a 25 54 be 11 e 66 27 73 a8
FIXUPS: d9b3d 13 13 4a 6b 30 22 21 10f 1f5 2ad 20 90 dc 1f2 f4 ffffe315
FIXUPS: d89db 25b 2a 9a a 25 54 bb 11 e 6c 2a 8e 8c 7b 8e 13 13 70 55 a5
FIXUPS: d92aa 25 5a cd 11 e 69 27 6f a8 ffffde49 15 19 4d 12 12 ef 26 16
FIXUPS: d76d8 6b 36 f2 81 88 88 18 6b0 53c 3b 1a6 2a 15 17 17 19 21 ad
FIXUPS: d894a 17 17 24 ffffdf11 20 20 20 29e 10 10 a 23 87 e 3f 22 22 22
FIXUPS: d6daa a4 a1 4f 7c 22 22 22 58 1e 1b 1b 216 15 b3 12 12 64ea 1d
FIXUPS: dd8e2 c b ba b 62 13 ffff8a95 40 c c 17 23 56 e d3 20 2c 20 20
FIXUPS: d673d 2c 20 2c 20 2c 20 20 20 2c 6a96 d 1c 6a 9a d 1c 73 f 24 12
FIXUPS: dd549 1d d c b 3e 39 9 49 29 16 d 1c 6a 9a d 1c 73 f 24 12 33d
FIXUPS: ddc7b 8c 38 16 23 87 15 5b 6f 96 84 f 1b9 2a 15 17 f8 f 2f 96 a8
FIXUPS: de5a4 15 2c df 35 ffffeb60 39 9 49 29 303d 42 b 32 33 42 17 14
FIXUPS: e04ba 14 2f 40 6a ab 18 17 b 30 1c 50 79 68 14 7d 20 6b 85 8b 7b
FIXUPS: e0ac3 ffffd033 28 2130 17 89 52 4d 51 31 48 14 13 13 12 13 2f 58
FIXUPS: dff9c 13 14 74 12 2d 56 12 3b c5 13 17 28 1a 36 45 1b fffff0cb
FIXUPS: df3ca 14 25 c0 1c 142 4b 4f 29 20 22 78 5a 12 86 1a 36 45 10 6a
FIXUPS: df9e1 b 44 3d 33 44 14 15 92 66 29 1a53 38 ffffd0dc 94 b 23 8 8
FIXUPS: de888 13 13 27 12 12 52 14a 57 58 53 58 a4 13 7b 11 37e 78 76 71
FIXUPS: df285 c6 13 1a 1d1a 3e 3e f2 20 17b 15 15 15 15 15 15 15 15 15
FIXUPS: e146d 15 15 15 15 15 15 15 15 15 15 15 15 38 38 38 38 395 6a a6
FIXUPS: e1b47 61 64 57 fffff1aa 15 15 15 15 15 15 15 15 15 15 15 15 15
FIXUPS: e0f33 15 15 15 15 15 15 15 12 3e 3e dd4 e0 75 47 47 a1 e 119 fd
FIXUPS: e22e2 9 54 36 9 1c 9 b3 ba 13 5f b fffff183 12 8 33 6e 51 52 66
FIXUPS: e1911 40 3e 13b2 25 2d e 11a 9c 46 63 63 3e 35 17 17 17 17 17 12
FIXUPS: e3172 15 29 13 2d 13 ffffeaac 35 b 40 2e 1c b 40 59 898 4c 32 1c
FIXUPS: e275a 29 c9 31 1b 17 17 17 17 17 12 17 62 35 45 1d 84 df 30 b 36
FIXUPS: e2c20 2d e 3a 35 2d e 58a 40 2e 4a b 40 59 b 8e 9c 47 42 f 46 47
FIXUPS: e368c a 5e 58 d e 4d9 13 5f b ffffe90e 26 1c b 48 2e 1c 168d 3e
FIXUPS: e3da8 b 60 b 46 2d 35 2d 35 2d 47 3b d d e 48 31 35 31 35 31 47
FIXUPS: e41c6 d d e 32 13 fffff01c 35 1ba9 30 188 2d 16b b 62 b 62 b 62
FIXUPS: e52cf 62 b 62 b 62 b 62 b a0 19 30 1f b5 13 2d 13 2d 13 ffffe626
FIXUPS: e3d2c 95a 22 f b b0 f b 36 19 31 2e 3f 93 22 b 43 92 22 b 6a 2e
FIXUPS: e4ade 45 1e b 96 19 1e3 11 c f 12 ff5 a e6 d d e 28b 238 1e3 87
FIXUPS: e68e0 13 5f b ffffd929 19 62 19 5c 1c 79 25 f b 5c 1e 5a 25 f b
FIXUPS: e45ce 28 4264 64 10f ffffcda2 35 b 40 2e 40 b 40 59 b da 57 1f
FIXUPS: e5ab2 1f 27 42 f 39 1f 21 47 a d 8b b5 32 1f 19 143a 11 11 11 11
FIXUPS: e7261 d74 43 47 79 59 56 78 57 5d 54 4b 60 71 56 87 55 dc 36 66
FIXUPS: e86f3 41 3a 56 33 27 20 ffffe283 12 15 15 15 7f 57 74 cc 48 15
FIXUPS: e6e28 15 12 15 15 15 15 15 15 12 12 15 15 15 237 37 11 11 11 11
FIXUPS: e71f3 2dcf 19 11 53 24 1a 2c 16 1c 6 6e 29 18 3c 14 1f b 34 42
FIXUPS: ea293 ffffc700 15 4d 15 15 12 15 15 15 15 15 15 313c 16 11 11 c
FIXUPS: e9c3a 18 13 1a b a 25 36 f ed 1d 31 a 28 39 f 25 11 10 f b 33 1a
FIXUPS: e9f6b 12 20 18 fffff6a0 e9 2e b 18 1e 5c 23 10 10 10 10 10 d d
FIXUPS: e98a3 f b 1e4 f f 1e b 30 43 19 1d 16 6 16 11 11 fffff1ac fe 15
FIXUPS: e8eb1 d 25 60 13 18 a b9 bc d d 25 f8 15 d d 25 103 d 10 d 25 e9
FIXUPS: e94e1 a 25 e8 2e a cce 34 e 4b 37 19 33 16 15 40 16 30 13 29 43
FIXUPS: ea56c ffffe4b7 20 1d c 41 2c 16 d 1c 7c af d 1c ef d d 1884 1f
FIXUPS: ea623 40 38 51 b 40 6a b 29 12 15 1b2 9c 4c 42 f 39 3e 47 a 5e
FIXUPS: eaca8 d e 2da 203 13 5f b fffff0b7 2274 17 19 17 91 15 1f 15 2b4
FIXUPS: eca8b 8f 65 3f ae 16 48 19 a6 1c 43 13 11 20 13 2c 13 29 14 72
FIXUPS: ed1fd ffffd3b2 35 1770 5 46 80 8 8c f d 8 34 8 57 8 8c f d 8 36
FIXUPS: ec0e8 f c 2e f 22 15 1f 15 48 187 15 1f 15 81b2 10 11 3a 13 2d
FIXUPS: f4623 ffff6ceb 6f 8 8 21 8 22 23 16 16 16 22b 1e 1b 1b 34 1e 421
FIXUPS: ebb9e 2e 44 2e 88 4a 3c 84bb 50 15 d a c c 40 e 54 1f d 1f 26 50
FIXUPS: f4413 d a c c 40 e 2f 12 12 12 12 12 12 12 12 15 fffff812 12 8
FIXUPS: f3d9b 8 11 18 40 18 18 4c 11 30 2d 1b 24 11 d a 18 48 11 d a 14
FIXUPS: f406b 38 66 8d 1f d 1f fffff783 8 11 23 75 7e 1b 12 11 d a 8 b
FIXUPS: f3b03 11 12 70 2d 1b 12 11 23 1b 18 18 28 40 57 14 11 d a fffff8de
FIXUPS: f3659 8 9 e e 9 63 d e 47 1b 12 27 31 1e e 1e 28 23 e 1e 1e e 1e
FIXUPS: f3903 1a 11 d a c 8 fffff948 b9 11 21 1b 1c e 26 1b d 1f 24 50
FIXUPS: f34c0 1a 12 e e 33 1f 24 50 11 d a 8 9 a e e 8 b fffff8fc 1b 11
FIXUPS: f2f73 9 9 9 15 2c f 11 f f 11 f f 11 f f 27 f 11 f f 11 f f 65
FIXUPS: f31a5 4b 20 29 fffffa5b 3e 1b 1a 15 15 7 42 f 11 f f 20 1b 11 b
FIXUPS: f2e18 9 15 16 f f 20 1b 11 b 9 9 15 16 f f fffff31a 59 62 18 60
FIXUPS: f2487 1c 1d 5c 83 18 4c 83 18 4c 83 18 49 83 18 49 89 1e 73 219
FIXUPS: f2c02 1b 1a 15 15 7 1b ffffeec1 38 1a 28 27 27 22 1a 1e 52 b 85
FIXUPS: f1d78 30 30 6b 30 30 30 65 67 6a 25 34 3c 1a 66 25 34 3c 1a 4c
FIXUPS: f163c 37 1e 2f 1b 11 1a 14 3f 24 24 24 24 24 24 24 24 24 24 24
FIXUPS: f1909 24 24 24 24 24 24 65 12 17 a 85 fffff7a1 b 18 3c 1b 21 21
FIXUPS: f1371 30 b 7 20 34 1d 1c 4c 1d 27 23 19 1c 1f 9 2e 11 11 22 f 1e
FIXUPS: f1616 8 e fffff89c 22 17 11 15 b 23 11 15 1b 18 1b 1b 18 2b 21
FIXUPS: f1062 1d 1c 15 40 11 39 25 1b 20 2c 3a 25 18 2a 1c fffff8ff 13
FIXUPS: f0bb0 21 21 20 19 f 25 1b 1a 15 11 15 15 7 13 11 15 b 23 11 b 7
FIXUPS: f0d96 1b 11 39 11 57 13 33 fffff8a4 2b 21 1a 24 1c 30 51 11 16
FIXUPS: f08b1 11 39 24 f 42 18 22 26 26 1a 4b 1f 1a 1a 1a 1a 27 e 20 19
FIXUPS: f0b69 fffff901 1b 21 21 20 19 f 25 1b 1a 15 11 15 15 7 13 11 15
FIXUPS: f0604 23 11 1a 11 15 b 23 11 15 1b 18 1b 1b fffff9b6 11 b 7 19
FIXUPS: f013c b 13 16 16 11 39 24 f 42 18 22 26 26 1a 4b 1f 1a 1a 1a 1a
FIXUPS: f03de e 20 19 19 19 fffffa13 10 18 17 12 13 10 16 10 16 16 10 18
FIXUPS: eff6f 12 13 16 10 18 17 12 d e 16 20 1b 1a 15 11 15 15 7 fffffb0f
FIXUPS: efc01 f 1a 11 13 10 16 10 16 16 10 18 17 12 13 16 10 18 17 12 13
FIXUPS: efd9e 16 10 16 16 10 18 17 12 13 fffff9d3 15 7e 5b 11 2c 1b 11
FIXUPS: ef998 16 29 11 11 22 f 1e 27 e 22 f 1e 27 e 10 10 11 1e 27 1d 1b
FIXUPS: efbbe 1a fffff889 1d 1a 11 1a 11 1b 20 10 3e 1b 10 57 25 20 10
FIXUPS: ef659 1b 11 1a 16 11 a a a 18 1b e 10 3e 62 15 fffff92f 10 4f 19
FIXUPS: ef1a6 15 1e 27 e 10 10 13 1e 27 8 8 e 10 3e 1b 10 57 1f b 20 10
FIXUPS: ef3f6 1a 11 a a a fffff9bd 17 22 f e 10 28 11 1e 27 15 14 17 22
FIXUPS: eef51 1e 27 15 e 10 10 13 1e 27 19 1d 1c 19 15 15 1e 27 fffffa29
FIXUPS: eeb86 10 11 12 10 11 12 10 11 31 10 11 12 10 11 12 10 11 8 b 26
FIXUPS: eed0f 11 11 11 1b 21 21 21 11 e fffff96c 12 12 11 22 1e 15 52 22
FIXUPS: ee872 22 1f 27 22 1d 22 d 8 8 6f 29 1d 14 29 1d 2d 1f 10 11 13
FIXUPS: eeb0f 17 fffff48f f 9 b 136 f f 18 18 f f f f f f f f f f f 9 b
FIXUPS: ee23d 11 4d 15 1a 39c 35 6f 19 17 fffff222 258 31 14 14 14 14 14
FIXUPS: edc5d 14 14 14 14 2d 2d 21 14 14 181 f f 18 18 f f f f f f f f
FIXUPS: edfa6 ad9c 17 17 26 55 15 1d 10 3d 31 87 13 13 75 11 8b 16 49 28
FIXUPS: f90f3 ffff4631 63 17 1f b 61 b 66 27 27 2d 18 aea0 39 26 11 24
FIXUPS: f8870 f f 16 30 17 25 d e e e e 2b 16 71 13 13 13 19 223 b b 17
FIXUPS: f8cc0 17 17 17 fffff783 15 13 e 39 f 18 1a e 10 18 18 42 27 2e
FIXUPS: f8634 19 16 f f 24 1e 10 18 1e f f f 18 e 45 12 fffff81d 33 18
FIXUPS: f802e 13 17 18 3e e 13 25 2f 146 c b c 3b 13 19 1f 40 74 12 15
FIXUPS: f8410 f f f f f f f fffff6de 29 1d a 8 8 59 3e d 2a 21 2f 16 e
FIXUPS: f7d18 13 1a 12 2b 12 a0 17 2a 1c 50 17 13 1a 19 1f 16 34 fffff808
FIXUPS: f77bb 10 23 27 a a c c a a a 16 f 20 39 18 19 59 31 13 d 18 f 2a
FIXUPS: f7a38 f 72 d 8 10 14 fffff5dd 49 33 e e e e e f 5e 89 31 a4 26
FIXUPS: f73b1 14 14 14 14 14 3d 44 40 55 5f 5a 5a 5a 19 d2 8 10 fffff34b
FIXUPS: f6afd 1a f 10 10 23 86 4d 52 64 82 2a 1c 3b 8 13 11 f f 23 1c 44
FIXUPS: f6efb 11 f f 8 13 83 a7 26 fffff773 4a 1b 26 1e 10 d 10 12 a 1f
FIXUPS: f6946 15 1c e e 27 26 3f 1c 24 a a a a c a a e e a a fffff8a6 9
FIXUPS: f63b4 41 1b 18 15 1d 14 3c d e 3b 1f 35 47 35 1c 10 1f 20 e 3a
FIXUPS: f66a2 35 47 35 1c 10 1f 20 e fffff647 e 28 8c 33 29 11 24 2d f
FIXUPS: f5fd5 33 26 32 8e 6b e 4d 52 8 59 d 10 d 10 16 25 25 27 d 1d a
FIXUPS: f4def 1f 2d e 34 29 50 41 5ef 195 30f 114 21 15 39 23 2d e 39 23
FIXUPS: f5c34 e 3c 25 2d e a2 19 8 f 28 2d ffffeb79 f f 1e b 29 f f f f
FIXUPS: f4a39 f f f f 47 1a 12 a 1f 2d 28 10 36 d 22 e 41 13 14 a5 25 5ac9
FIXUPS: f46bb 6f a a a c 30 24 f 12 3b b 4c 8 1c f f f f f f f f f f f
FIXUPS: f4933 f f f f 62b7 31 b 47 33 e e 76 4f 9d 19 e 10 14 28 14 34
FIXUPS: faf5e 1b fffff02d 21 d d d d d d d d d b b 14ac 16 11 6ab 13 ffffec57
FIXUPS: fa844 a a 8 e b 21 45 f 4a f 4a f 4c f 2d c 3d 12 4b f 57 f 3c
FIXUPS: fab9b 85 2aad 1b 29 14 14 1d7 13 ffffd742 6d 28 3e 28 2e 33 12
FIXUPS: fb272 27 1f 1b 16 16 62 16 11 38 27 1f 1b 16 16 6f 17 17dd 2c 15
FIXUPS: fcde3 ae 14b 13f 38 1f 9 9 e e 3a 34 e 24c 20 19 47 86 17 17 17
FIXUPS: fd5d0 4b 2d 21 c 1b 11 1b ffffec6b 47 e2 1b 1a 69 62 85 1b 1a 177
FIXUPS: fc803 14 25 1b 1a e2 12 68 1a 25 6d 25 1b 1a 5f 12 54 1d 9e 21
FIXUPS: fcc8e fffff14e f 9 b 28 e e e 44 20 26 5c 4a 1e c 1e 11 1e 11 1e
FIXUPS: fc0ba 20 19 be 7a 9 9 15 9 9 8a 20 20f0 74 2e 41 14 59 25 22 b
FIXUPS: fe795 b 49 10 16 11 f 22 2f 13 ffffd39a 4b 14 14 14 2f f f f 9
FIXUPS: fbd24 9a f 1e6c 52 52 52 52 52 52 52 52 52 52 b d0 3e 9 34 2b 49
FIXUPS: fe14b 49 14 49 14 49 14 49 14 49 14 49 14 49 a7a 27 2f 27 12 b
FIXUPS: feef0 8e 17 39 92 a6 9a 13 fffff734 2c b 60 b 27 13 ffffefb0 31
FIXUPS: fd9b0 32 28 2d 17 e0 15 55 4f 5e14 30f ffffacfb 39 b 37 2b 23 13
FIXUPS: feafb 1c d 28 1a 20 d 27 2f 27 12 b 2b 39 59 8d 13 1a 14 15 28
FIXUPS: fee0f 20 300e 3e9 b 1b f 11 e 8d 1c5 449 22 22 c 31 2a 391 6f 2f
FIXUPS: 102e18 26 30 2a 40 25 e 171 56 789 18 18 18 3f ffffcab2 4d 59b
FIXUPS: 100aa2 1a6 f 107 cb 22 22 22 39 56 d9 2c 2a f9 cf 16f 1c1 1d 421
FIXUPS: 101aa9 ce 30 b 4b c 2c 4d 37 154 2dd6 d d d d e ffffa669 24 152
FIXUPS: ff42c 5b 31 7c 383 c8 e b8 129 1ee 2b 4c 2d bf 9a da 28 8d 3d 25
FIXUPS: 100158 8b 3f 6229 46 11 e 11 ca 17 ffffd8e1 8f 33 90 da 10f da
FIXUPS: 10442d 486 2a 38 8f 29 25 29 25 29 25 29 25 29 25 29 2f 54 335
FIXUPS: 104f35 2a 17 a0 e3 193 fb 2a 71 13 14 ed 17 156 2a 189 24 17 135
FIXUPS: 1059dc 495 16 11 11 19 2d 35f 112 2a 9a 13 20c1 20 1c 7 7 7 58
FIXUPS: 1085b1 1a 7 1a 10 1a e5 a ee 9c e3 6d bb a 36 a 26a a9 ffffbe72
FIXUPS: 104c81 a0 1b 1b 1a c4 2ce7 10 24 c3 20 16 62 24 f 21 7 21 f b a
FIXUPS: 107d96 29 20 16 4e e 7 7 175 7f dd a 28 a 6b 196 35 ffffee96 1c
FIXUPS: 1072fb f3 de 3f 50 2f b 140 20 16 54 2f 18 1e 5d 63 13 e 7 7 2e
FIXUPS: 1078e8 1e b 16 7 b 7 14f 82 fffff2ae f 12 12 12 12 19 a 13 15 8
FIXUPS: 106e7b 11 12 12 12 12 12 12 12 12 12 12 12 12 13 38 7 10 43 2d
FIXUPS: 107167 fffff92b a 8 2e 4b 68 2f 13 12 12 12 12 12 13 1f 1e 1b a
FIXUPS: 106ca4 15 12 12 12 12 12 12 12 12 12 12 12 13 4d4f 10 40 b 10 47
FIXUPS: 10bd0e ffffaa7f 10 17 14 a 66 25 2a e a 8 d e 3d 10 17 14 a 66
FIXUPS: 1069c3 2a e a 8 77 5a29 28 61 1f 86 36 28 28 4f 12 c e 18 18 13
FIXUPS: 10c72c d d e 9d e1 39 d 3f b 22 3c 35 2b 13 fffff094 d 7c9a 32
FIXUPS: 1137c2 2f 15 15 15 15 15 10 6e 16 ffff864b 84 b 110 14 22 1e b
FIXUPS: 10c188 42 1f 62 1f 1f 89 20 1f d6 36 28 5214 48 1c 42 5a 50 6d
FIXUPS: 1118a1 4b 48 42 35 35 1a 1b 2e 36 36 36 251 10 343 10 9d 10 1446
FIXUPS: 1135e2 e3 1c 13 32 1c ffffd7ff 3a 3a 3c 29 3d 73 29 36 36 5c 3b
FIXUPS: 11122c 36 6a 27 29 6a 27 2e 36 36 36 36 36 36 36 36 36 36 36 36
FIXUPS: 110861 36 36 36 36 36 36 3a 3a 3a 3a 3a 69 3b 1c 1c 1c 4c 36 31
FIXUPS: 110ca3 31 36 36 36 36 36 36 3f 3f 3f 36 fffff23a 36 55 1e 29 48
FIXUPS: 11027b 42 3d 55 30 38 38 38 55 16 2a 3f 3f 3f 3f 3f 3f 49 37 3f
FIXUPS: 11074a 16 29 36 36 36 fffff1cb 38 36 38 38 38 3d 3d 38 55 4d 2e
FIXUPS: 10fcde 1a 3b 1c 42 48 27 2e 36 36 36 36 65 3f 36 36 36 5c 36 31
FIXUPS: 10f2df 32 32 32 32 32 32 32 32 32 55 57 57 38 38 36 31 36 31 36
FIXUPS: 10f749 36 3a 36 36 38 55 2e 36 38 38 38 ffffe25b 38 72 38 72 38
FIXUPS: 10de17 38 72 38 72 38 74 55 28 1a 28 1a 28 1c 1c 59 137 362 89
FIXUPS: 10e80e 18 1f 1a c4 53 ae ffffee14 18 30 18 3c e 11 11 11 19 38
FIXUPS: 10d98c 15 15 15 15 15 15 f 15 59 1f 1f 1a 18 15 3e 2a 15 1f 15
FIXUPS: 10dbd2 fffff7fe 1c 17 19 1c 17 19 1c 17 19 1c 17 19 1c 17 19 1c
FIXUPS: 10d57f e 16 1c 17 19 8b da 15 12 36 12 36 15 15 fffff717 11 6 14
FIXUPS: 10cf88 5d 4c 1f 1f 31 1f 3d 1c 19 19 1c 19 19 3d 44 19 19 19 31
FIXUPS: 10d2b4 35 19 19 17 35 19 31 fffff90f 18 e 1b 18 e 6 14 3f 18 e
FIXUPS: 10cdac 14 1d 18 e 6 14 1d 18 e 6 14 1d 18 e 6 14 1d 18 14 6 7c76
FIXUPS: 114bb7 64 13 13 13 b 7 13 b 7 13 b1 1c b 2a 13 ffff7cee 30 28 13
FIXUPS: 10cb67 9a e 12 e 12 e 12 e 12 24 7ae7 9 1d 6 3b 14 37 b c 9 1a
FIXUPS: 114885 e 28 13 25 14 28 20 57 29 21 8 1b 8 5c 29 21 8 1b 8 a9 fffff4e7
FIXUPS: 11408c b c 9 1d d d d d d d c b 20b b a0 24 51 e6 24 51 ad 26 50
FIXUPS: 1146dd 3b 14 1f 7 23 b fffff429 15 a 1c 6c 23 15 a 1c 6f 23 15
FIXUPS: 113d5f 1c 6f 23 15 a 1c 6f 23 15 5c 14 14 14 14 14 a 1c 6f 23 1078
FIXUPS: 1151c1 2d 3e 12 15 15 4e 23 23 9e 16 49 6f e b5 84 32 8c ad 20
FIXUPS: 1157b5 ffffe180 be 41 1c 6c 23 15 a 1c 6c 273a 13 5f b fffff4cc
FIXUPS: 115835 b 3e 2c b 8a 9 38 20 13 5f b fffff3e3 21 72 1f 7a 12 15
FIXUPS: 114f68 21 45 23 23 a 49 6a 1df7 d d d e 33 13 ffffeb1c 2b 15 15
FIXUPS: 115ad3 b 40 53 b 29 12 15 15 79 b4 8a 22 1a4 2a 41 3d 41 174 a4
FIXUPS: 11628d 8e6 d d d d d d f 1a 1a 12 2b 1f 2d f 2c 1a 37 11 17 1f
FIXUPS: 116d8d f f 23 2d 35 1f 2d f 22 e fffff6b6 1c d1 d 10 26 1c e5 30
FIXUPS: 1167fd 2b 2b 2b 12 18 40 1d d d c b 107 b 5f 1f 2d f 2e d d d d
FIXUPS: 117daf a 1f 2d f f 35 19 f 1f 2d f 22 e d e 74 26 13 2d 13 ffffe367
FIXUPS: 116397 1d 9 3b 29 16 d 1c 6a 9a 13f9 f 8 22 e d d e 3f 69 9 3a
FIXUPS: 117aee 3b 3b 3e 3f 12 e 1c b 53 11 11 11 11 1e b 7f 1d 18 c fffff74e
FIXUPS: 117520 11 27 5a 51 e 1a 17 1e 5f 21 c 7 a 1f 2d f 30 1f 2d f 74
FIXUPS: 11787a 2d 34 1f 8 12 15 6 1d fffff724 3a 32 1b 10 28 2f 27 2e 3e
FIXUPS: 11722c 3e 15 8 29 b 51 11 11 11 11 11 11 11 1e b a6 b 1a 22 37
FIXUPS: 1174e7 2059 13 ffffeb0c 2b 15 1f b 40 49 b 29 12 15 5e b8 55 e6
FIXUPS: 1184bd 27 a 32 13 5f b ffffe9ed 18 f 9 2c 22 27 14 1adb 37 37 15
FIXUPS: 118bb6 15 15 15 15 38 15 12 35 240 87 d6 2a2 16 16 16 16 16 16
FIXUPS: 119377 16 16 16 16 16 16 16 16 ac3 d e 2b 13 ffffe6de 80 2e a 30
FIXUPS: 11876a 12 34 37 15 15 15 15 15 12 50 12 f 12 e4 26 2d e 3c 41 3a
FIXUPS: 118b09 cc4 1c d1 d 10 26 1c 7e 26 165 15 15 40 12 18 1d d d c b
FIXUPS: 119d3f b 64 2b 1f 2d f 2b 1f 2d f 22 1297 22 20 19 c a0 1ae 44
FIXUPS: 11b4bd 72 a4 10 c 9f3 35a 693 c0 ba 1f 34 1f 4e0 ffffc4ff 76 9
FIXUPS: 119654 29 16 d 1c 6a 9a 43ff 12 22 25 12 f b e3 218 28 47 32 13
FIXUPS: 119fa4 25 18 ff 1bf 47 3f 18 2fe 5eb 54 5e 54 117 50 5a 50 3c 18
FIXUPS: 120c71 d 14 89 d 867 c5 46 7c 46 69 4e 64 3c 65 46 ffffbc81 2b
FIXUPS: 11d629 b 40 d2 b 40 25 cc b 74 b 26 12 1c1 19f5 d e09 46 6f 46
FIXUPS: 12046f 4e 5f 3f 60 46 136 46 7d 46 28f 50 f 16 f 21 1d 11 d 14
FIXUPS: 120bf4 f 10 f 21 1d ffffdc82 8 3c 50 f4 50 9d 16 2b 16 2d5 46 78
FIXUPS: 11ef87 37b f 16 f 21 1d 11 d 14 31 f 10 f 21 1d 11 d 14 fffff049
FIXUPS: 11e4c5 9 7 6 3d 36 7 19 7 2a 7 6 4c 8 15 56 54 2a 4c 24 7 24 7
FIXUPS: 11e7a4 7 19 7 58 2f 3c 49 fffff92f 7 26 7 20 7 21 7 9 7 6 3d 36
FIXUPS: 11e319 19 7 2a 7 6 40 6 59 7 7 7 7 7 7 26 7 30 7 4b46 15 2d 15
FIXUPS: 12304f 2d 84 13 ffffe9e8 38 d0 1c1 257 1a7 2f 40 34 40 ffffbdbc
FIXUPS: 11e066 19 17 10 bb 6 17 6 5f 7 7 7 7 4907 3f 54 d d d d d e 45
FIXUPS: 122c7a 31 35 31 35 31 35 31 35 31 35 31 3f 54 d d d d d e 2e 15
FIXUPS: 1253c0 13 2d 13 ffffd0f8 21 2a 38 2a 55 15 15 21 24 24 4f bb 3e
FIXUPS: 122809 24 48 7a 2d 35 2d 35 2d 35 2d 35 2d 35 23a3 b 17e b 7f 16
FIXUPS: 1250d2 1d 13 6 13 11 e c b a 1f 2d f f 3c f 22 e e 3e 37 22 3c
FIXUPS: 125356 2a 13 fffff421 e9 3a d 10 d 1c 5a 18 a af b2 d 10 d 1c d1
FIXUPS: 124c3f a 1c e2 2e 2e 18 3e f 11 20 d d d d fffff45d 19 28 39 f
FIXUPS: 12436a 3b a 28 39 f 38 2f 93 b b 25 11 10 10 e 45 43 11 18 c 1f
FIXUPS: 12467c 1c e6 d d fffff4b5 d c b 6f 1b8 b 63 25 26 8 e e 32 b 14
FIXUPS: 124019 13 13 12 c 28 7f 11 14 13 105 19 c c 33 11 fffff2e6 29 1c
FIXUPS: 1236d1 1a 26 10 d 1c bb 2b a 1c c3 2b a 1c c3 2b a 1c c5 2b 12
FIXUPS: 123b98 4a 1d d d d d d 1db3 15 15 15 15 c2 47 47 61 49 2b 64 13
FIXUPS: 12315a 44 9 25 1b 13 1b 16 d 1c 6a 9a d 1c d1 36 d d 1c 5c77 23
FIXUPS: 129184 23 2c 23 57 23 13 ffffc1d0 1e 54 15 21 49 15 15 15 15 67
FIXUPS: 125624 1a 67 6b 9f 5c 2a 9c 3d 3f 4e 15 228d c 30 17 4d 14 3b8
FIXUPS: 12821a 12 12 12 2a1 e 14 14 6b 17 47 11 364 151 11 11 11 420 19
FIXUPS: 128f3b 1f 123 1f 4a 23 ffffe6cb 15 15 15 15 15 15 15 15 15 15 17
FIXUPS: 1278d4 17 17 17 17 17 37 1c 1b 1c 5b 22 22 17 12 17 17 24 13a c
FIXUPS: 12725c 8c 35 48 97 36 48 148 29 12 15 15 15 12 12 12 15 15 15 15
FIXUPS: 1276db 15 15 12 15 15 15 15 15 15 15 15 ffffeeff 12 17 17 1b 1e
FIXUPS: 1269c3 23 6b 34 41 61 c3 20 256 3c 42 2c 45 35 2d e 3c 25 2d e
FIXUPS: 1270bd f 2f c1 4f 22 fffff100 15 15 15 15 15 15 15 15 15 15 15
FIXUPS: 126429 15 15 15 15 17 17 17 17 17 17 17 37 1c 1b 1c 29 41 22 22
FIXUPS: 129748 c b 76 26 32 19 e 18c 13 ffffc334 42 46 325 ca 36 15 15
FIXUPS: 126213 12 12 12 15 15 15 15 15 15 15 12 15 15 385f 2d 50 2e 22
FIXUPS: 129c7e 47 2e 46 89 14 26 f 17 19 1d 1d 60 f 1c 25 33 f 48 33 23
FIXUPS: 12a079 54 fffff591 79 20 2c 388f b 23 13 5f b 23 13 2d 13 2d 13
FIXUPS: 12d140 13 2d 13 2d 13 2d 13 2d 13 2d 13 ffffc7a1 16 22 27 33 1e
FIXUPS: 129afd 5d 2fef b 70 8e 20 10 10 10 10 10 10 10 10 10 10 10 10 10
FIXUPS: 12cd52 10 10 10 29 b 60 b 9f 13 2d 13 2d 13 fffff73d 50 c6 4b 58
FIXUPS: 12c88a b 60 b 2a 20 3b 20 10 10 10 10 10 10 10 10 10 10 10 10 10
FIXUPS: 12ca85 10 10 10 29 b fffff465 1a de 20 10 10 10 10 10 29 b 60 b
FIXUPS: 12c188 50 c6 10a 25 27 22 58 e0 20 10 10 10 10 10 29 b 60 b fffff1f6
FIXUPS: 12b885 83 58 20 10 10 10 10 10 10 10 10 10 10 29 b 60 b 26 84 d7
FIXUPS: 12bc62 18 14 47 f 58 a1 10 d6 65 fffff13d 8e 20 3b 20 10 10 10
FIXUPS: 12b1ae 10 10 10 10 10 29 b 60 b 86 67 7c 50 72 11 9b 3e ae 27 9e
FIXUPS: 12b74c bb 25 fffff06f b 50 28 1c 3d 53 3b 79 2c b 60 b 26 28 4e
FIXUPS: 12ac9f 8e 20 3b 2c b 60 b 26 28 4e d5 22 18 22 14 fffff256 60 b
FIXUPS: 12a305 2f 4b 2e 33 6e 9d 20 10 10 1c b 60 b 40 1c 3d 46 20 3b 20
FIXUPS: 12a733 b 3c 2f 5c 3d 20 10 389b e2 157 267 e7 15 19 16 16 16 16
FIXUPS: 12e730 16 16 16 16 16 ffffb9af 20 10 10 10 10 10 10 10 10 10 10
FIXUPS: 12a21d 10 29 37ab 21 7 11 7f 30 87 2b 31 2b 39 35 31 30 39 2b 39
FIXUPS: 12dd8e 36 a1 d d d d d d d d e 97 a8 62 fffff4d4 2b 2a 2b 2a 2b
FIXUPS: 12d64f 2b 2a 2b 2a 2b 2a 2b 2a 99 1d d d d d d d d d e 51 39 32
FIXUPS: 12d9bf 7 34 1e68 b fffff00a 87 b 60 b 99 14 18 c 14 18 c 18 10
FIXUPS: 12eab6 18 10 30d 14 491 13 ffffe05d 2b 16 32 eb 30 43 2a 2b 36c7
FIXUPS: 130c05 19 46 52 39 5d 34 37 37 d1 61 42 18 ffffe375 35 b 40 2e
FIXUPS: 12f3e7 b 62 4d 3c 47 a 78 e c8 8b e9 13 3a6 9e 8 116 57 18 94 15
FIXUPS: 12ffcf 10 12d a8 2d 3f 61 22 115 2d 53 161 45 18 27 196 ae 6c 8b
FIXUPS: 1309d9 c6 ce 24 30 dc3 46 b3 a8 7d aa 42 29 142 138 15 22 47 b
FIXUPS: 132001 47 b 18 d2 2d 2d 2a 62 12c b 56 13 ffffd5e6 23 10f 93 14
FIXUPS: 130fd5 98 b 5e b 46 a1 e 38 e 3f 1f 40 25 10 6b f7 aa cc b 31 18
FIXUPS: 131633 18 18 18 fb 52 1c 5d 1c 5c
